Archive member included to satisfy reference by file (symbol)

app/libapp.a(main.c.obj)      (--whole-archive)
app/libapp.a(moteur.c.obj)    (--whole-archive)
app/libapp.a(codeur.c.obj)    (--whole-archive)
app/libapp.a(boussole.c.obj)  (--whole-archive)
app/libapp.a(pid.c.obj)       (--whole-archive)
zephyr/libzephyr.a(cpp_dtors.c.obj)
                              (--whole-archive)
zephyr/libzephyr.a(cpp_virtual.c.obj)
                              (--whole-archive)
zephyr/libzephyr.a(cpp_vtable.cpp.obj)
                              (--whole-archive)
zephyr/libzephyr.a(cpp_new.cpp.obj)
                              (--whole-archive)
zephyr/libzephyr.a(heap.c.obj)
                              (--whole-archive)
zephyr/libzephyr.a(cbprintf_packaged.c.obj)
                              (--whole-archive)
zephyr/libzephyr.a(printk.c.obj)
                              (--whole-archive)
zephyr/libzephyr.a(sem.c.obj)
                              (--whole-archive)
zephyr/libzephyr.a(thread_entry.c.obj)
                              (--whole-archive)
zephyr/libzephyr.a(fdtable.c.obj)
                              (--whole-archive)
zephyr/libzephyr.a(cbprintf_complete.c.obj)
                              (--whole-archive)
zephyr/libzephyr.a(assert.c.obj)
                              (--whole-archive)
zephyr/libzephyr.a(reboot.c.obj)
                              (--whole-archive)
zephyr/libzephyr.a(dec.c.obj)
                              (--whole-archive)
zephyr/libzephyr.a(hex.c.obj)
                              (--whole-archive)
zephyr/libzephyr.a(rb.c.obj)  (--whole-archive)
zephyr/libzephyr.a(timeutil.c.obj)
                              (--whole-archive)
zephyr/libzephyr.a(bitarray.c.obj)
                              (--whole-archive)
zephyr/libzephyr.a(ring_buffer.c.obj)
                              (--whole-archive)
zephyr/libzephyr.a(configs.c.obj)
                              (--whole-archive)
zephyr/libzephyr.a(stm32cube_hal.c.obj)
                              (--whole-archive)
zephyr/libzephyr.a(soc_config.c.obj)
                              (--whole-archive)
zephyr/libzephyr.a(soc.c.obj)
                              (--whole-archive)
zephyr/libzephyr.a(tracing_none.c.obj)
                              (--whole-archive)
zephyr/arch/common/libarch__common.a(sw_isr_common.c.obj)
                              (--whole-archive)
zephyr/arch/arch/arm/core/libarch__arm__core.a(fatal.c.obj)
                              (--whole-archive)
zephyr/arch/arch/arm/core/libarch__arm__core.a(nmi.c.obj)
                              (--whole-archive)
zephyr/arch/arch/arm/core/libarch__arm__core.a(nmi_on_reset.S.obj)
                              (--whole-archive)
zephyr/arch/arch/arm/core/libarch__arm__core.a(__aeabi_atexit.c.obj)
                              (--whole-archive)
zephyr/arch/arch/arm/core/libarch__arm__core.a(tls.c.obj)
                              (--whole-archive)
zephyr/arch/arch/arm/core/cortex_m/libarch__arm__core__cortex_m.a(exc_exit.c.obj)
                              (--whole-archive)
zephyr/arch/arch/arm/core/cortex_m/libarch__arm__core__cortex_m.a(fault.c.obj)
                              (--whole-archive)
zephyr/arch/arch/arm/core/cortex_m/libarch__arm__core__cortex_m.a(fault_s.S.obj)
                              (--whole-archive)
zephyr/arch/arch/arm/core/cortex_m/libarch__arm__core__cortex_m.a(fpu.c.obj)
                              (--whole-archive)
zephyr/arch/arch/arm/core/cortex_m/libarch__arm__core__cortex_m.a(reset.S.obj)
                              (--whole-archive)
zephyr/arch/arch/arm/core/cortex_m/libarch__arm__core__cortex_m.a(scb.c.obj)
                              (--whole-archive)
zephyr/arch/arch/arm/core/cortex_m/libarch__arm__core__cortex_m.a(thread_abort.c.obj)
                              (--whole-archive)
zephyr/arch/arch/arm/core/cortex_m/libarch__arm__core__cortex_m.a(vector_table.S.obj)
                              (--whole-archive)
zephyr/arch/arch/arm/core/cortex_m/libarch__arm__core__cortex_m.a(swap.c.obj)
                              (--whole-archive)
zephyr/arch/arch/arm/core/cortex_m/libarch__arm__core__cortex_m.a(swap_helper.S.obj)
                              (--whole-archive)
zephyr/arch/arch/arm/core/cortex_m/libarch__arm__core__cortex_m.a(irq_manage.c.obj)
                              (--whole-archive)
zephyr/arch/arch/arm/core/cortex_m/libarch__arm__core__cortex_m.a(prep_c.c.obj)
                              (--whole-archive)
zephyr/arch/arch/arm/core/cortex_m/libarch__arm__core__cortex_m.a(thread.c.obj)
                              (--whole-archive)
zephyr/arch/arch/arm/core/cortex_m/libarch__arm__core__cortex_m.a(cpu_idle.c.obj)
                              (--whole-archive)
zephyr/arch/arch/arm/core/cortex_m/libarch__arm__core__cortex_m.a(irq_init.c.obj)
                              (--whole-archive)
zephyr/arch/arch/arm/core/cortex_m/libarch__arm__core__cortex_m.a(isr_wrapper.c.obj)
[...]
Memory Configuration

Name             Origin             Length             Attributes
FLASH            0x0000000008000000 0x0000000000020000 xr
RAM              0x0000000020000000 0x0000000000005000 xw
IDT_LIST         0x00000000ffff7fff 0x0000000000008000 xw
*default*        0x0000000000000000 0xffffffffffffffff

Linker script and memory map

                0x000000000800cd30                vfprintf = __d_vfprintf
                0x0000000000000000                vfscanf = __d_vfscanf
LOAD zephyr/CMakeFiles/zephyr_pre0.dir/misc/empty_file.c.obj
LOAD zephyr/CMakeFiles/offsets.dir/./arch/arm/core/offsets/offsets.c.obj
LOAD app/libapp.a
LOAD zephyr/libzephyr.a
LOAD zephyr/arch/common/libarch__common.a
LOAD zephyr/arch/arch/arm/core/libarch__arm__core.a
LOAD zephyr/arch/arch/arm/core/cortex_m/libarch__arm__core__cortex_m.a
LOAD zephyr/lib/libc/picolibc/liblib__libc__picolibc.a
LOAD zephyr/lib/libc/common/liblib__libc__common.a
LOAD zephyr/lib/posix/options/liblib__posix__options.a
LOAD zephyr/lib/os/zvfs/liblib__os__zvfs.a
LOAD zephyr/subsys/fs/libsubsys__fs.a
LOAD zephyr/drivers/interrupt_controller/libdrivers__interrupt_controller.a
LOAD zephyr/drivers/clock_control/libdrivers__clock_control.a
LOAD zephyr/drivers/gpio/libdrivers__gpio.a
LOAD zephyr/drivers/i2c/libdrivers__i2c.a
LOAD zephyr/drivers/pinctrl/libdrivers__pinctrl.a
LOAD zephyr/drivers/reset/libdrivers__reset.a
LOAD zephyr/drivers/serial/libdrivers__serial.a
LOAD zephyr/drivers/timer/libdrivers__timer.a
LOAD modules/stm32/stm32cube/lib..__modules__hal__stm32__stm32cube.a
LOAD modules/libmicroros/libmicroros_transports.a
LOAD zephyr/kernel/libkernel.a
LOAD /home/romain/zephyr-sdk-0.16.1/arm-zephyr-eabi/bin/../lib/gcc/arm-zephyr-eabi/12.2.0/thumb/v7-m/nofp/libgcc.a
LOAD zephyr/arch/common/libisr_tables.a
LOAD ../modules/libmicroros/libmicroros.a
LOAD /home/romain/zephyr-sdk-0.16.1/arm-zephyr-eabi/bin/../lib/gcc/../../picolibc/arm-zephyr-eabi/lib/thumb/v7-m/nofp/libc.a
LOAD /home/romain/zephyr-sdk-0.16.1/arm-zephyr-eabi/bin/../lib/gcc/arm-zephyr-eabi/12.2.0/thumb/v7-m/nofp/libgcc.a
                0x0000000000000004                _region_min_align = 0x4

.rel.plt        0x0000000008000000        0x0
 *(SORT_BY_ALIGNMENT(.rel.plt))
                [!provide]                        PROVIDE (__rel_iplt_start = .)
 *(SORT_BY_ALIGNMENT(.rel.iplt))
 .rel.iplt      0x0000000008000000        0x0 app/libapp.a(main.c.obj)
                [!provide]                        PROVIDE (__rel_iplt_end = .)

.rela.plt       0x0000000000000000        0x0
 *(SORT_BY_ALIGNMENT(.rela.plt))
                [!provide]                        PROVIDE (__rela_iplt_start = .)
 *(SORT_BY_ALIGNMENT(.rela.iplt))
                [!provide]                        PROVIDE (__rela_iplt_end = .)

.rel.dyn
 *(SORT_BY_ALIGNMENT(.rel.*))

.rela.dyn
 *(SORT_BY_ALIGNMENT(.rela.*))

/DISCARD/
 *(SORT_BY_ALIGNMENT(.plt))

/DISCARD/
 *(SORT_BY_ALIGNMENT(.iplt))
                0x0000000008000000                __rom_region_start = 0x8000000

rom_start       0x0000000008000000       0xec
                0x0000000008000000                __rom_start_address = .
 FILL mask 0x00
                0x0000000008000000                . = (. + (0x0 - (. - __rom_start_address)))
                0x0000000008000000                . = ALIGN (0x4)
                0x0000000008000000                . = ALIGN (0x80)
                0x0000000008000000                . = ALIGN (0x100)
                0x0000000008000000                _vector_start = .
 *(SORT_BY_ALIGNMENT(.exc_vector_table))
 *(SORT_BY_ALIGNMENT(.exc_vector_table.*))
 .exc_vector_table._vector_table_section
                0x0000000008000000       0x40 zephyr/arch/arch/arm/core/cortex_m/libarch__arm__core__cortex_m.a(vector_table.S.obj)
                0x0000000008000000                _vector_table
 *(SORT_BY_ALIGNMENT(.vectors))
                0x00000000080000ec                _vector_end = .
                0x0000000008000040                . = ALIGN (0x4)
 *(SORT_BY_ALIGNMENT(.gnu.linkonce.irq_vector_table*))
 .gnu.linkonce.irq_vector_table
                0x0000000008000040       0xac zephyr/arch/common/libisr_tables.a(isr_tables.c.obj)
                0x0000000008000040                _irq_vector_table
                0x00000000080000ec                _vector_end = .

text            0x00000000080000ec     0xfd38
                0x00000000080000ec                __text_region_start = .
 *(SORT_BY_ALIGNMENT(.text))
 .text          0x00000000080000ec      0x21c /home/romain/zephyr-sdk-0.16.1/arm-zephyr-eabi/bin/../lib/gcc/arm-zephyr-eabi/12.2.0/thumb/v7-m/nofp/libgcc.a(_arm_addsubsf3.o)
                0x00000000080000ec                __aeabi_frsub
                0x00000000080000f4                __subsf3
                0x00000000080000f4                __aeabi_fsub
                0x00000000080000f8                __aeabi_fadd
                0x00000000080000f8                __addsf3
                0x0000000008000258                __aeabi_ui2f
                0x0000000008000258                __floatunsisf
                0x0000000008000260                __aeabi_i2f
                0x0000000008000260                __floatsisf
                0x000000000800027c                __floatundisf
                0x000000000800027c                __aeabi_ul2f
                0x000000000800028c                __floatdisf
                0x000000000800028c                __aeabi_l2f
 .text          0x0000000008000308      0x2a0 /home/romain/zephyr-sdk-0.16.1/arm-zephyr-eabi/bin/../lib/gcc/arm-zephyr-eabi/12.2.0/thumb/v7-m/nofp/libgcc.a(_arm_muldivsf3.o)
                0x0000000008000308                __mulsf3
                0x0000000008000308                __aeabi_fmul
                0x0000000008000470                __divsf3
                0x0000000008000470                __aeabi_fdiv
 .text          0x00000000080005a8       0xec /home/romain/zephyr-sdk-0.16.1/arm-zephyr-eabi/bin/../lib/gcc/arm-zephyr-eabi/12.2.0/thumb/v7-m/nofp/libgcc.a(_arm_cmpsf2.o)
                0x00000000080005a8                __gtsf2
                0x00000000080005a8                __gesf2
                0x00000000080005b0                __lesf2
                0x00000000080005b0                __ltsf2
                0x00000000080005b8                __nesf2
                0x00000000080005b8                __eqsf2
                0x00000000080005b8                __cmpsf2
                0x0000000008000618                __aeabi_cfrcmple
                0x0000000008000620                __aeabi_cfcmple
                0x0000000008000620                __aeabi_cfcmpeq
                0x0000000008000630                __aeabi_fcmpeq
                0x0000000008000644                __aeabi_fcmplt
                0x0000000008000658                __aeabi_fcmple
                0x000000000800066c                __aeabi_fcmpge
                0x0000000008000680                __aeabi_fcmpgt
 .text          0x0000000008000694       0x4c /home/romain/zephyr-sdk-0.16.1/arm-zephyr-eabi/bin/../lib/gcc/arm-zephyr-eabi/12.2.0/thumb/v7-m/nofp/libgcc.a(_arm_fixsfsi.o)
                0x0000000008000694                __fixsfsi
                0x0000000008000694                __aeabi_f2iz
 .text          0x00000000080006e0       0xa0 /home/romain/zephyr-sdk-0.16.1/arm-zephyr-eabi/bin/../lib/gcc/arm-zephyr-eabi/12.2.0/thumb/v7-m/nofp/libgcc.a(_aeabi_ldivmod.o)
                0x00000000080006e0                __aeabi_ldivmod
 .text          0x0000000008000780       0x30 /home/romain/zephyr-sdk-0.16.1/arm-zephyr-eabi/bin/../lib/gcc/arm-zephyr-eabi/12.2.0/thumb/v7-m/nofp/libgcc.a(_aeabi_uldivmod.o)
                0x0000000008000780                __aeabi_uldivmod
 .text          0x00000000080007b0        0x4 /home/romain/zephyr-sdk-0.16.1/arm-zephyr-eabi/bin/../lib/gcc/arm-zephyr-eabi/12.2.0/thumb/v7-m/nofp/libgcc.a(_dvmd_tls.o)
                0x00000000080007b0                __aeabi_ldiv0
                0x00000000080007b0                __aeabi_idiv0
 .text          0x00000000080007b4      0x2a0 /home/romain/zephyr-sdk-0.16.1/arm-zephyr-eabi/bin/../lib/gcc/arm-zephyr-eabi/12.2.0/thumb/v7-m/nofp/libgcc.a(_udivmoddi4.o)
                0x00000000080007b4                __udivmoddi4
 .text          0x0000000008000a54       0x14 /home/romain/zephyr-sdk-0.16.1/arm-zephyr-eabi/bin/../lib/gcc/../../picolibc/arm-zephyr-eabi/lib/thumb/v7-m/nofp/libc.a(strcmp.S.o)
                0x0000000008000a54                strcmp
 .text          0x0000000008000a68       0x10 /home/romain/zephyr-sdk-0.16.1/arm-zephyr-eabi/bin/../lib/gcc/../../picolibc/arm-zephyr-eabi/lib/thumb/v7-m/nofp/libc.a(strcpy.S.o)
                0x0000000008000a68                strcpy
 .text          0x0000000008000a78       0x10 /home/romain/zephyr-sdk-0.16.1/arm-zephyr-eabi/bin/../lib/gcc/../../picolibc/arm-zephyr-eabi/lib/thumb/v7-m/nofp/libc.a(strlen.S.o)
                0x0000000008000a78                strlen
 *(SORT_BY_ALIGNMENT(.text.*))
 .text.k_mutex_lock.constprop.0.isra.0
                0x0000000008000a88       0x10 app/libapp.a(main.c.obj)
 .text.k_mutex_unlock.constprop.0.isra.0
                0x0000000008000a98        0xc app/libapp.a(main.c.obj)
 .text.thread_ros_fn
                0x0000000008000aa4       0x80 app/libapp.a(main.c.obj)
                0x0000000008000aa4                thread_ros_fn
 .text.thread_pid_fn
                0x0000000008000b24       0xf0 app/libapp.a(main.c.obj)
                0x0000000008000b24                thread_pid_fn
 .text.thread_capteurs_fn
                0x0000000008000c14       0xc8 app/libapp.a(main.c.obj)
                0x0000000008000c14                thread_capteurs_fn
 .text.main     0x0000000008000cdc       0xf4 app/libapp.a(main.c.obj)
                0x0000000008000cdc                main
 .text.moteur_set_vitesse
                0x0000000008000dd0       0x5c app/libapp.a(moteur.c.obj)
                0x0000000008000dd0                moteur_set_vitesse
 .text.moteur_init
                0x0000000008000e2c       0x60 app/libapp.a(moteur.c.obj)
                0x0000000008000e2c                moteur_init
 .text.codeur_handler
                0x0000000008000e8c       0x78 app/libapp.a(codeur.c.obj)
                0x0000000008000e8c                codeur_handler
 .text.z_impl_gpio_pin_configure.constprop.0.isra.0
                0x0000000008000f04       0x20 app/libapp.a(codeur.c.obj)
 .text.codeur_init
                0x0000000008000f24       0x64 app/libapp.a(codeur.c.obj)
                0x0000000008000f24                codeur_init
 .text.codeur_get_ticks
                0x0000000008000f88       0x14 app/libapp.a(codeur.c.obj)
                0x0000000008000f88                codeur_get_ticks
 .text.boussole_init
                0x0000000008000f9c       0x94 app/libapp.a(boussole.c.obj)
                0x0000000008000f9c                boussole_init
 .text.boussole_get_angle
                0x0000000008001030       0xb8 app/libapp.a(boussole.c.obj)
                0x0000000008001030                boussole_get_angle
 .text.pid_calculer_commande
                0x00000000080010e8       0xe0 app/libapp.a(pid.c.obj)
                0x00000000080010e8                pid_calculer_commande
 .text.char_out
                0x00000000080011c8        0xc zephyr/libzephyr.a(printk.c.obj)
 .text.vprintk  0x00000000080011d4       0x30 zephyr/libzephyr.a(printk.c.obj)
                0x00000000080011d4                vprintk
 .text.z_thread_entry
                0x0000000008001204       0x34 zephyr/libzephyr.a(thread_entry.c.obj)
                0x0000000008001204                z_thread_entry
 .text.st_stm32_common_config
                0x0000000008001238       0x14 zephyr/libzephyr.a(soc_config.c.obj)
 .text.stm32f1_init
                0x000000000800124c       0x20 zephyr/libzephyr.a(soc.c.obj)
 .text.z_arm_nmi
                0x000000000800126c       0x14 zephyr/arch/arch/arm/core/libarch__arm__core.a(nmi.c.obj)
                0x000000000800126c                z_arm_nmi
 .text.z_SysNmiOnReset
                0x0000000008001280        0x8 zephyr/arch/arch/arm/core/libarch__arm__core.a(nmi_on_reset.S.obj)
                0x0000000008001280                z_SysNmiOnReset
 .text.arch_tls_stack_setup
                0x0000000008001288       0x40 zephyr/arch/arch/arm/core/libarch__arm__core.a(tls.c.obj)
                0x0000000008001288                arch_tls_stack_setup
 .text._HandlerModeExit
                0x00000000080012c8       0x20 zephyr/arch/arch/arm/core/cortex_m/libarch__arm__core__cortex_m.a(exc_exit.c.obj)
                0x00000000080012c8                z_arm_exc_exit
                0x00000000080012c8                z_arm_int_exit
 .text.usage_fault.constprop.0
                0x00000000080012e8       0x54 zephyr/arch/arch/arm/core/cortex_m/libarch__arm__core__cortex_m.a(fault.c.obj)
 .text.bus_fault.constprop.0
                0x000000000800133c       0x60 zephyr/arch/arch/arm/core/cortex_m/libarch__arm__core__cortex_m.a(fault.c.obj)
 .text.mem_manage_fault.constprop.0
                0x000000000800139c       0x5c zephyr/arch/arch/arm/core/cortex_m/libarch__arm__core__cortex_m.a(fault.c.obj)
 .text.z_arm_fault
                0x00000000080013f8      0x124 zephyr/arch/arch/arm/core/cortex_m/libarch__arm__core__cortex_m.a(fault.c.obj)
                0x00000000080013f8                z_arm_fault
 .text.z_arm_fault_init
                0x000000000800151c       0x10 zephyr/arch/arch/arm/core/cortex_m/libarch__arm__core__cortex_m.a(fault.c.obj)
                0x000000000800151c                z_arm_fault_init
 .text.__fault  0x000000000800152c       0x14 zephyr/arch/arch/arm/core/cortex_m/libarch__arm__core__cortex_m.a(fault_s.S.obj)
                0x000000000800152c                z_arm_bus_fault
                0x000000000800152c                z_arm_usage_fault
                0x000000000800152c                z_arm_mpu_fault
                0x000000000800152c                z_arm_exc_spurious
                0x000000000800152c                z_arm_debug_monitor
                0x000000000800152c                z_arm_hard_fault
 .text._reset_section
                0x0000000008001540       0x2c zephyr/arch/arch/arm/core/cortex_m/libarch__arm__core__cortex_m.a(reset.S.obj)
                0x0000000008001540                z_arm_reset
                0x0000000008001540                __start
 .text.z_impl_k_thread_abort
                0x000000000800156c       0x2c zephyr/arch/arch/arm/core/cortex_m/libarch__arm__core__cortex_m.a(thread_abort.c.obj)
                0x000000000800156c                z_impl_k_thread_abort
 .text.arch_swap
                0x0000000008001598       0x30 zephyr/arch/arch/arm/core/cortex_m/libarch__arm__core__cortex_m.a(swap.c.obj)
                0x0000000008001598                arch_swap
 .text.z_arm_pendsv
                0x00000000080015c8       0x58 zephyr/arch/arch/arm/core/cortex_m/libarch__arm__core__cortex_m.a(swap_helper.S.obj)
                0x00000000080015c8                z_arm_pendsv
 .text.z_arm_svc
                0x0000000008001620       0x20 zephyr/arch/arch/arm/core/cortex_m/libarch__arm__core__cortex_m.a(swap_helper.S.obj)
                0x0000000008001620                z_arm_svc
 .text.arch_irq_enable
                0x0000000008001640       0x1c zephyr/arch/arch/arm/core/cortex_m/libarch__arm__core__cortex_m.a(irq_manage.c.obj)
                0x0000000008001640                arch_irq_enable
 .text.z_arm_irq_priority_set
                0x000000000800165c       0x2c zephyr/arch/arch/arm/core/cortex_m/libarch__arm__core__cortex_m.a(irq_manage.c.obj)
                0x000000000800165c                z_arm_irq_priority_set
 .text.z_prep_c
                0x0000000008001688       0x30 zephyr/arch/arch/arm/core/cortex_m/libarch__arm__core__cortex_m.a(prep_c.c.obj)
                0x0000000008001688                z_prep_c
 .text.arch_new_thread
                0x00000000080016b8       0x38 zephyr/arch/arch/arm/core/cortex_m/libarch__arm__core__cortex_m.a(thread.c.obj)
                0x00000000080016b8                arch_new_thread
 .text.arch_switch_to_main_thread
                0x00000000080016f0       0x40 zephyr/arch/arch/arm/core/cortex_m/libarch__arm__core__cortex_m.a(thread.c.obj)
                0x00000000080016f0                arch_switch_to_main_thread
 .text.z_arm_cpu_idle_init
                0x0000000008001730        0xc zephyr/arch/arch/arm/core/cortex_m/libarch__arm__core__cortex_m.a(cpu_idle.c.obj)
                0x0000000008001730                z_arm_cpu_idle_init
 .text.z_arm_interrupt_init
                0x000000000800173c       0x18 zephyr/arch/arch/arm/core/cortex_m/libarch__arm__core__cortex_m.a(irq_init.c.obj)
                0x000000000800173c                z_arm_interrupt_init
 .text._isr_wrapper
                0x0000000008001754       0x24 zephyr/arch/arch/arm/core/cortex_m/libarch__arm__core__cortex_m.a(isr_wrapper.c.obj)
                0x0000000008001754                _isr_wrapper
 .text.malloc_prepare
                0x0000000008001778       0x24 zephyr/lib/libc/common/liblib__libc__common.a(malloc.c.obj)
 .text.malloc_lock
                0x000000000800179c       0x14 zephyr/lib/libc/common/liblib__libc__common.a(malloc.c.obj)
 .text.malloc_unlock
                0x00000000080017b0        0xc zephyr/lib/libc/common/liblib__libc__common.a(malloc.c.obj)
 .text.malloc   0x00000000080017bc       0x34 zephyr/lib/libc/common/liblib__libc__common.a(malloc.c.obj)
                0x00000000080017bc                malloc
 .text.realloc  0x00000000080017f0       0x38 zephyr/lib/libc/common/liblib__libc__common.a(malloc.c.obj)
                0x00000000080017f0                realloc
 .text.free     0x0000000008001828       0x1c zephyr/lib/libc/common/liblib__libc__common.a(malloc.c.obj)
                0x0000000008001828                free
 .text.calloc   0x0000000008001844       0x34 zephyr/lib/libc/common/liblib__libc__common.a(malloc.c.obj)
                0x0000000008001844                calloc
 .text.pthread_barrier_pool_init
                0x0000000008001878       0x28 zephyr/lib/posix/options/liblib__posix__options.a(barrier.c.obj)
 .text.findenv  0x00000000080018a0       0x58 zephyr/lib/posix/options/liblib__posix__options.a(env.c.obj)
 .text.getenv   0x00000000080018f8       0x48 zephyr/lib/posix/options/liblib__posix__options.a(env.c.obj)
                0x00000000080018f8                getenv
 .text.z_impl___posix_clock_get_base
                0x0000000008001940       0x54 zephyr/lib/posix/options/liblib__posix__options.a(clock.c.obj)
                0x0000000008001940                z_impl___posix_clock_get_base
 .text.clock_gettime
                0x0000000008001994       0x88 zephyr/lib/posix/options/liblib__posix__options.a(clock.c.obj)
                0x0000000008001994                clock_gettime
 .text.pthread_cond_pool_init
                0x0000000008001a1c       0x20 zephyr/lib/posix/options/liblib__posix__options.a(cond.c.obj)
 .text.pthread_mutex_pool_init
                0x0000000008001a3c       0x20 zephyr/lib/posix/options/liblib__posix__options.a(mutex.c.obj)
 .text.posix_thread_pool_init
                0x0000000008001a5c       0x34 zephyr/lib/posix/options/liblib__posix__options.a(pthread.c.obj)
 .text.stm32_exti_isr
                0x0000000008001a90       0x4c zephyr/drivers/interrupt_controller/libdrivers__interrupt_controller.a(intc_exti_stm32.c.obj)
 .text.stm32_fill_irq_table
                0x0000000008001adc       0x18 zephyr/drivers/interrupt_controller/libdrivers__interrupt_controller.a(intc_exti_stm32.c.obj)
 .text.stm32_exti_enable
                0x0000000008001af4       0x24 zephyr/drivers/interrupt_controller/libdrivers__interrupt_controller.a(intc_exti_stm32.c.obj)
                0x0000000008001af4                stm32_exti_enable
 .text.stm32_exti_disable
                0x0000000008001b18       0x18 zephyr/drivers/interrupt_controller/libdrivers__interrupt_controller.a(intc_exti_stm32.c.obj)
                0x0000000008001b18                stm32_exti_disable
 .text.stm32_exti_trigger
                0x0000000008001b30       0x60 zephyr/drivers/interrupt_controller/libdrivers__interrupt_controller.a(intc_exti_stm32.c.obj)
                0x0000000008001b30                stm32_exti_trigger
 .text.stm32_exti_set_callback
                0x0000000008001b90       0x30 zephyr/drivers/interrupt_controller/libdrivers__interrupt_controller.a(intc_exti_stm32.c.obj)
                0x0000000008001b90                stm32_exti_set_callback
 .text.stm32_exti_unset_callback
                0x0000000008001bc0       0x14 zephyr/drivers/interrupt_controller/libdrivers__interrupt_controller.a(intc_exti_stm32.c.obj)
                0x0000000008001bc0                stm32_exti_unset_callback
 .text.stm32_clock_control_get_subsys_rate
                0x0000000008001bd4       0x4c zephyr/drivers/clock_control/libdrivers__clock_control.a(clock_stm32_ll_common.c.obj)
 .text.stm32_clock_control_init
                0x0000000008001c20      0x104 zephyr/drivers/clock_control/libdrivers__clock_control.a(clock_stm32_ll_common.c.obj)
                0x0000000008001c20                stm32_clock_control_init
 .text.config_pll_sysclock
                0x0000000008001d24       0x1c zephyr/drivers/clock_control/libdrivers__clock_control.a(clock_stm32f1.c.obj)
                0x0000000008001d24                config_pll_sysclock
 .text.gpio_stm32_init
                0x0000000008001d40       0x30 zephyr/drivers/gpio/libdrivers__gpio.a(gpio_stm32.c.obj)
 .text.gpio_stm32_pin_interrupt_configure
                0x0000000008001d70       0xe4 zephyr/drivers/gpio/libdrivers__gpio.a(gpio_stm32.c.obj)
 .text.stm32_i2c_configure_timing
                0x0000000008001e54       0xa8 zephyr/drivers/i2c/libdrivers__i2c.a(i2c_ll_stm32_v1.c.obj)
                0x0000000008001e54                stm32_i2c_configure_timing
 .text.i2c_stm32_runtime_configure
                0x0000000008001efc       0x74 zephyr/drivers/i2c/libdrivers__i2c.a(i2c_ll_stm32.c.obj)
                0x0000000008001efc                i2c_stm32_runtime_configure
 .text.i2c_stm32_init
                0x0000000008001f70       0xf8 zephyr/drivers/i2c/libdrivers__i2c.a(i2c_ll_stm32.c.obj)
 .text.pinctrl_configure_pins
                0x0000000008002068       0xf0 zephyr/drivers/pinctrl/libdrivers__pinctrl.a(pinctrl_stm32.c.obj)
                0x0000000008002068                pinctrl_configure_pins
 .text.uart_stm32_parameters_set
                0x0000000008002158       0xf8 zephyr/drivers/serial/libdrivers__serial.a(uart_stm32.c.obj)
 .text.uart_stm32_configure
                0x0000000008002250      0x13c zephyr/drivers/serial/libdrivers__serial.a(uart_stm32.c.obj)
 .text.uart_stm32_init
                0x000000000800238c       0xa8 zephyr/drivers/serial/libdrivers__serial.a(uart_stm32.c.obj)
 .text.elapsed  0x0000000008002434       0x4c zephyr/drivers/timer/libdrivers__timer.a(cortex_m_systick.c.obj)
 .text.sys_clock_driver_init
                0x0000000008002480       0x38 zephyr/drivers/timer/libdrivers__timer.a(cortex_m_systick.c.obj)
 .text.sys_clock_isr
                0x00000000080024b8       0x54 zephyr/drivers/timer/libdrivers__timer.a(cortex_m_systick.c.obj)
                0x00000000080024b8                sys_clock_isr
 .text.sys_clock_set_timeout
                0x000000000800250c       0xfc zephyr/drivers/timer/libdrivers__timer.a(cortex_m_systick.c.obj)
                0x000000000800250c                sys_clock_set_timeout
 .text.sys_clock_elapsed
                0x0000000008002608       0x3c zephyr/drivers/timer/libdrivers__timer.a(cortex_m_systick.c.obj)
                0x0000000008002608                sys_clock_elapsed
 .text.HAL_RCC_GetSysClockFreq
                0x0000000008002644       0x4c modules/stm32/stm32cube/lib..__modules__hal__stm32__stm32cube.a(stm32f1xx_hal_rcc.c.obj)
                0x0000000008002644                HAL_RCC_GetSysClockFreq
 .text.LL_SetFlashLatency
                0x0000000008002690       0x4c modules/stm32/stm32cube/lib..__modules__hal__stm32__stm32cube.a(stm32f1xx_ll_utils.c.obj)
                0x0000000008002690                LL_SetFlashLatency
 .text.z_fatal_error
                0x00000000080026dc       0x30 zephyr/kernel/libkernel.a(fatal.c.obj)
                0x00000000080026dc                z_fatal_error
 .text.z_sys_init_run_level
                0x000000000800270c       0x2c zephyr/kernel/libkernel.a(init.c.obj)
 .text.bg_thread_main
                0x0000000008002738       0xc4 zephyr/kernel/libkernel.a(init.c.obj)
 .text.z_bss_zero
                0x00000000080027fc       0x18 zephyr/kernel/libkernel.a(init.c.obj)
                0x00000000080027fc                z_bss_zero
 .text.z_init_cpu
                0x0000000008002814       0x68 zephyr/kernel/libkernel.a(init.c.obj)
                0x0000000008002814                z_init_cpu
 .text.z_cstart
                0x000000000800287c       0xd0 zephyr/kernel/libkernel.a(init.c.obj)
                0x000000000800287c                z_cstart
 .text.__do_global_ctors_aux
                0x000000000800294c       0x1c zephyr/kernel/libkernel.a(init_static.c.obj)
                0x000000000800294c                __do_global_ctors_aux
 .text.__do_init_array_aux
                0x0000000008002968       0x1c zephyr/kernel/libkernel.a(init_static.c.obj)
                0x0000000008002968                __do_init_array_aux
 .text.init_mem_slab_obj_core_list
                0x0000000008002984       0x24 zephyr/kernel/libkernel.a(mem_slab.c.obj)
 .text.z_impl_k_mutex_lock
                0x00000000080029a8       0xf0 zephyr/kernel/libkernel.a(mutex.c.obj)
                0x00000000080029a8                z_impl_k_mutex_lock
 .text.z_impl_k_mutex_unlock
                0x0000000008002a98       0x78 zephyr/kernel/libkernel.a(mutex.c.obj)
                0x0000000008002a98                z_impl_k_mutex_unlock
 .text.z_impl_k_sem_give
                0x0000000008002b10       0x48 zephyr/kernel/libkernel.a(sem.c.obj)
                0x0000000008002b10                z_impl_k_sem_give
 .text.z_impl_k_sem_take
                0x0000000008002b58       0x4c zephyr/kernel/libkernel.a(sem.c.obj)
                0x0000000008002b58                z_impl_k_sem_take
 .text.z_impl_k_sem_reset
                0x0000000008002ba4       0x44 zephyr/kernel/libkernel.a(sem.c.obj)
                0x0000000008002ba4                z_impl_k_sem_reset
 .text.work_queue_main
                0x0000000008002be8      0x13c zephyr/kernel/libkernel.a(work.c.obj)
 .text.submit_to_queue_locked
                0x0000000008002d24       0xb0 zephyr/kernel/libkernel.a(work.c.obj)
 .text.k_work_queue_start
                0x0000000008002dd4       0x7c zephyr/kernel/libkernel.a(work.c.obj)
                0x0000000008002dd4                k_work_queue_start
 .text.z_setup_new_thread
                0x0000000008002e50       0x70 zephyr/kernel/libkernel.a(thread.c.obj)
                0x0000000008002e50                z_setup_new_thread
 .text.z_impl_k_thread_create
                0x0000000008002ec0       0x58 zephyr/kernel/libkernel.a(thread.c.obj)
                0x0000000008002ec0                z_impl_k_thread_create
 .text.update_cache
                0x0000000008002f18       0x3c zephyr/kernel/libkernel.a(sched.c.obj)
 .text.unready_thread
                0x0000000008002f54       0x30 zephyr/kernel/libkernel.a(sched.c.obj)
 .text.ready_thread
                0x0000000008002f84       0x68 zephyr/kernel/libkernel.a(sched.c.obj)
 .text.z_thread_halt
                0x0000000008002fec       0xd8 zephyr/kernel/libkernel.a(sched.c.obj)
 .text.move_thread_to_end_of_prio_q
                0x00000000080030c4       0x74 zephyr/kernel/libkernel.a(sched.c.obj)
                0x00000000080030c4                move_thread_to_end_of_prio_q
 .text.z_pend_curr
                0x0000000008003138       0x58 zephyr/kernel/libkernel.a(sched.c.obj)
                0x0000000008003138                z_pend_curr
 .text.z_thread_prio_set
                0x0000000008003190       0xcc zephyr/kernel/libkernel.a(sched.c.obj)
                0x0000000008003190                z_thread_prio_set
 .text.z_reschedule
                0x000000000800325c       0x24 zephyr/kernel/libkernel.a(sched.c.obj)
                0x000000000800325c                z_reschedule
 .text.z_sched_start
                0x0000000008003280       0x3c zephyr/kernel/libkernel.a(sched.c.obj)
                0x0000000008003280                z_sched_start
 .text.z_reschedule_irqlock
                0x00000000080032bc       0x28 zephyr/kernel/libkernel.a(sched.c.obj)
                0x00000000080032bc                z_reschedule_irqlock
 .text.k_sched_lock
                0x00000000080032e4       0x28 zephyr/kernel/libkernel.a(sched.c.obj)
                0x00000000080032e4                k_sched_lock
 .text.k_sched_unlock
                0x000000000800330c       0x40 zephyr/kernel/libkernel.a(sched.c.obj)
                0x000000000800330c                k_sched_unlock
 .text.z_sched_init
                0x000000000800334c       0x10 zephyr/kernel/libkernel.a(sched.c.obj)
                0x000000000800334c                z_sched_init
 .text.z_impl_k_yield
                0x000000000800335c       0x7c zephyr/kernel/libkernel.a(sched.c.obj)
                0x000000000800335c                z_impl_k_yield
 .text.z_tick_sleep
                0x00000000080033d8       0x88 zephyr/kernel/libkernel.a(sched.c.obj)
 .text.z_impl_k_sleep
                0x0000000008003460       0x3c zephyr/kernel/libkernel.a(sched.c.obj)
                0x0000000008003460                z_impl_k_sleep
 .text.z_impl_k_sched_current_thread_query
                0x000000000800349c        0xc zephyr/kernel/libkernel.a(sched.c.obj)
                0x000000000800349c                z_impl_k_sched_current_thread_query
 .text.z_sched_wait
                0x00000000080034a8       0x24 zephyr/kernel/libkernel.a(sched.c.obj)
                0x00000000080034a8                z_sched_wait
 .text.slice_timeout
                0x00000000080034cc       0x20 zephyr/kernel/libkernel.a(timeslicing.c.obj)
 .text.thread_is_sliceable
                0x00000000080034ec       0x3c zephyr/kernel/libkernel.a(timeslicing.c.obj)
                0x00000000080034ec                thread_is_sliceable
 .text.z_reset_time_slice
                0x0000000008003528       0x50 zephyr/kernel/libkernel.a(timeslicing.c.obj)
                0x0000000008003528                z_reset_time_slice
 .text.z_time_slice
                0x0000000008003578       0x60 zephyr/kernel/libkernel.a(timeslicing.c.obj)
                0x0000000008003578                z_time_slice
 .text.z_data_copy
                0x00000000080035d8       0x38 zephyr/kernel/libkernel.a(xip.c.obj)
                0x00000000080035d8                z_data_copy
 .text.elapsed  0x0000000008003610       0x14 zephyr/kernel/libkernel.a(timeout.c.obj)
 .text.remove_timeout
                0x0000000008003624       0x38 zephyr/kernel/libkernel.a(timeout.c.obj)
 .text.next_timeout
                0x000000000800365c       0x40 zephyr/kernel/libkernel.a(timeout.c.obj)
 .text.z_add_timeout
                0x000000000800369c       0xf4 zephyr/kernel/libkernel.a(timeout.c.obj)
                0x000000000800369c                z_add_timeout
 .text.sys_clock_announce
                0x0000000008003790       0xd0 zephyr/kernel/libkernel.a(timeout.c.obj)
                0x0000000008003790                sys_clock_announce
 .text.sys_clock_tick_get
                0x0000000008003860       0x30 zephyr/kernel/libkernel.a(timeout.c.obj)
                0x0000000008003860                sys_clock_tick_get
 .text.k_thread_system_pool_assign
                0x0000000008003890        0xc zephyr/kernel/libkernel.a(mempool.c.obj)
                0x0000000008003890                k_thread_system_pool_assign
 .text.boot_banner
                0x000000000800389c        0xc zephyr/kernel/libkernel.a(banner.c.obj)
                0x000000000800389c                boot_banner
 .text.statics_init
                0x00000000080038a8       0x24 zephyr/kernel/libkernel.a(kheap.c.obj)
 .text.k_sys_work_q_init
                0x00000000080038cc       0x34 zephyr/kernel/libkernel.a(system_work_q.c.obj)
 .text.rcl_get_zero_initialized_publisher
                0x0000000008003900        0xc ../modules/libmicroros/libmicroros.a(librcl-publisher.c.obj)
                0x0000000008003900                rcl_get_zero_initialized_publisher
 .text.rcl_publisher_init
                0x000000000800390c      0x130 ../modules/libmicroros/libmicroros.a(librcl-publisher.c.obj)
                0x000000000800390c                rcl_publisher_init
 .text.rcl_publisher_get_default_options
                0x0000000008003a3c       0x74 ../modules/libmicroros/libmicroros.a(librcl-publisher.c.obj)
                0x0000000008003a3c                rcl_publisher_get_default_options
 .text.rcl_publish
                0x0000000008003ab0       0x48 ../modules/libmicroros/libmicroros.a(librcl-publisher.c.obj)
                0x0000000008003ab0                rcl_publish
 .text.rclc_support_init
                0x0000000008003af8       0x94 ../modules/libmicroros/libmicroros.a(librclc-init.c.obj)
                0x0000000008003af8                rclc_support_init
 .text.rclc_node_init_default
                0x0000000008003b8c       0x78 ../modules/libmicroros/libmicroros.a(librclc-node.c.obj)
                0x0000000008003b8c                rclc_node_init_default
 .text.rclc_publisher_init_default
                0x0000000008003c04       0x68 ../modules/libmicroros/libmicroros.a(librclc-publisher.c.obj)
                0x0000000008003c04                rclc_publisher_init_default
 .text.__default_zero_allocate
                0x0000000008003c6c        0x4 ../modules/libmicroros/libmicroros.a(librcutils-allocator.c.obj)
 .text.__default_reallocate
                0x0000000008003c70        0x4 ../modules/libmicroros/libmicroros.a(librcutils-allocator.c.obj)
 .text.__default_deallocate
                0x0000000008003c74        0x4 ../modules/libmicroros/libmicroros.a(librcutils-allocator.c.obj)
 .text.__default_allocate
                0x0000000008003c78        0x4 ../modules/libmicroros/libmicroros.a(librcutils-allocator.c.obj)
 .text.rcutils_get_zero_initialized_allocator
                0x0000000008003c7c       0x20 ../modules/libmicroros/libmicroros.a(librcutils-allocator.c.obj)
                0x0000000008003c7c                rcutils_get_zero_initialized_allocator
 .text.rcutils_get_default_allocator
                0x0000000008003c9c       0x20 ../modules/libmicroros/libmicroros.a(librcutils-allocator.c.obj)
                0x0000000008003c9c                rcutils_get_default_allocator
 .text.rcutils_allocator_is_valid
                0x0000000008003cbc       0x1c ../modules/libmicroros/libmicroros.a(librcutils-allocator.c.obj)
                0x0000000008003cbc                rcutils_allocator_is_valid
 .text.rcutils_get_error_string
                0x0000000008003cd8       0x2c ../modules/libmicroros/libmicroros.a(librcutils-error_handling.c.obj)
                0x0000000008003cd8                rcutils_get_error_string
 .text.rcutils_reset_error
                0x0000000008003d04       0x30 ../modules/libmicroros/libmicroros.a(librcutils-error_handling.c.obj)
                0x0000000008003d04                rcutils_reset_error
 .text.rmw_get_default_publisher_options
                0x0000000008003d34        0x8 ../modules/libmicroros/libmicroros.a(librmw-publisher_options.c.obj)
                0x0000000008003d34                rmw_get_default_publisher_options
 .text.rmw_uros_ping_agent
                0x0000000008003d3c       0x88 ../modules/libmicroros/libmicroros.a(librmw_microxrcedds-ping.c.obj)
                0x0000000008003d3c                rmw_uros_ping_agent
 .text.flush_session
                0x0000000008003dc4        0x8 ../modules/libmicroros/libmicroros.a(librmw_microxrcedds-rmw_publish.c.obj)
                0x0000000008003dc4                flush_session
 .text.rmw_publish
                0x0000000008003dcc       0xb8 ../modules/libmicroros/libmicroros.a(librmw_microxrcedds-rmw_publish.c.obj)
                0x0000000008003dcc                rmw_publish
 .text.rmw_create_publisher
                0x0000000008003e84      0x1ac ../modules/libmicroros/libmicroros.a(librmw_microxrcedds-rmw_publisher.c.obj)
                0x0000000008003e84                rmw_create_publisher
 .text.rmw_publisher_get_actual_qos
                0x0000000008004030       0x1c ../modules/libmicroros/libmicroros.a(librmw_microxrcedds-rmw_publisher.c.obj)
                0x0000000008004030                rmw_publisher_get_actual_qos
 .text.rmw_destroy_publisher
                0x000000000800404c       0xa0 ../modules/libmicroros/libmicroros.a(librmw_microxrcedds-rmw_publisher.c.obj)
                0x000000000800404c                rmw_destroy_publisher
 .text.rmw_uxrce_transport_init
                0x00000000080040ec       0x30 ../modules/libmicroros/libmicroros.a(librmw_microxrcedds-rmw_uxrce_transports.c.obj)
                0x00000000080040ec                rmw_uxrce_transport_init
 .text.rmw_uxrce_init_service_memory
                0x000000000800411c       0x40 ../modules/libmicroros/libmicroros.a(librmw_microxrcedds-types.c.obj)
                0x000000000800411c                rmw_uxrce_init_service_memory
 .text.rmw_uxrce_init_client_memory
                0x000000000800415c       0x40 ../modules/libmicroros/libmicroros.a(librmw_microxrcedds-types.c.obj)
                0x000000000800415c                rmw_uxrce_init_client_memory
 .text.rmw_uxrce_init_publisher_memory
                0x000000000800419c       0x40 ../modules/libmicroros/libmicroros.a(librmw_microxrcedds-types.c.obj)
                0x000000000800419c                rmw_uxrce_init_publisher_memory
 .text.rmw_uxrce_init_subscription_memory
                0x00000000080041dc       0x40 ../modules/libmicroros/libmicroros.a(librmw_microxrcedds-types.c.obj)
                0x00000000080041dc                rmw_uxrce_init_subscription_memory
 .text.rmw_uxrce_init_node_memory
                0x000000000800421c       0x40 ../modules/libmicroros/libmicroros.a(librmw_microxrcedds-types.c.obj)
                0x000000000800421c                rmw_uxrce_init_node_memory
 .text.rmw_uxrce_init_session_memory
                0x000000000800425c       0x40 ../modules/libmicroros/libmicroros.a(librmw_microxrcedds-types.c.obj)
                0x000000000800425c                rmw_uxrce_init_session_memory
 .text.rmw_uxrce_init_topic_memory
                0x000000000800429c       0x40 ../modules/libmicroros/libmicroros.a(librmw_microxrcedds-types.c.obj)
                0x000000000800429c                rmw_uxrce_init_topic_memory
 .text.rmw_uxrce_init_static_input_buffer_memory
                0x00000000080042dc       0x40 ../modules/libmicroros/libmicroros.a(librmw_microxrcedds-types.c.obj)
                0x00000000080042dc                rmw_uxrce_init_static_input_buffer_memory
 .text.rmw_uxrce_init_init_options_impl_memory
                0x000000000800431c       0x40 ../modules/libmicroros/libmicroros.a(librmw_microxrcedds-types.c.obj)
                0x000000000800431c                rmw_uxrce_init_init_options_impl_memory
 .text.rmw_uxrce_init_wait_set_memory
                0x000000000800435c       0x40 ../modules/libmicroros/libmicroros.a(librmw_microxrcedds-types.c.obj)
                0x000000000800435c                rmw_uxrce_init_wait_set_memory
 .text.rmw_uxrce_init_guard_condition_memory
                0x000000000800439c       0x40 ../modules/libmicroros/libmicroros.a(librmw_microxrcedds-types.c.obj)
                0x000000000800439c                rmw_uxrce_init_guard_condition_memory
 .text.rmw_uxrce_fini_session_memory
                0x00000000080043dc        0xc ../modules/libmicroros/libmicroros.a(librmw_microxrcedds-types.c.obj)
                0x00000000080043dc                rmw_uxrce_fini_session_memory
 .text.rmw_uxrce_fini_node_memory
                0x00000000080043e8       0x30 ../modules/libmicroros/libmicroros.a(librmw_microxrcedds-types.c.obj)
                0x00000000080043e8                rmw_uxrce_fini_node_memory
 .text.rmw_uxrce_fini_publisher_memory
                0x0000000008004418       0x2c ../modules/libmicroros/libmicroros.a(librmw_microxrcedds-types.c.obj)
                0x0000000008004418                rmw_uxrce_fini_publisher_memory
 .text.rmw_uxrce_fini_subscription_memory
                0x0000000008004444       0x2c ../modules/libmicroros/libmicroros.a(librmw_microxrcedds-types.c.obj)
                0x0000000008004444                rmw_uxrce_fini_subscription_memory
 .text.rmw_uxrce_fini_service_memory
                0x0000000008004470       0x2c ../modules/libmicroros/libmicroros.a(librmw_microxrcedds-types.c.obj)
                0x0000000008004470                rmw_uxrce_fini_service_memory
 .text.rmw_uxrce_fini_client_memory
                0x000000000800449c       0x2c ../modules/libmicroros/libmicroros.a(librmw_microxrcedds-types.c.obj)
                0x000000000800449c                rmw_uxrce_fini_client_memory
 .text.rmw_uxrce_fini_topic_memory
                0x00000000080044c8       0x18 ../modules/libmicroros/libmicroros.a(librmw_microxrcedds-types.c.obj)
                0x00000000080044c8                rmw_uxrce_fini_topic_memory
 .text.rmw_uxrce_get_static_input_buffer_for_entity
                0x00000000080044e0       0xa0 ../modules/libmicroros/libmicroros.a(librmw_microxrcedds-types.c.obj)
                0x00000000080044e0                rmw_uxrce_get_static_input_buffer_for_entity
 .text.run_xrce_session
                0x0000000008004580       0x38 ../modules/libmicroros/libmicroros.a(librmw_microxrcedds-utils.c.obj)
                0x0000000008004580                run_xrce_session
 .text.convert_qos_profile
                0x00000000080045b8       0x38 ../modules/libmicroros/libmicroros.a(librmw_microxrcedds-utils.c.obj)
                0x00000000080045b8                convert_qos_profile
 .text.generate_type_name
                0x00000000080045f0       0x60 ../modules/libmicroros/libmicroros.a(librmw_microxrcedds-utils.c.obj)
                0x00000000080045f0                generate_type_name
 .text.generate_topic_name
                0x0000000008004650       0x34 ../modules/libmicroros/libmicroros.a(librmw_microxrcedds-utils.c.obj)
                0x0000000008004650                generate_topic_name
 .text.is_uxrce_rmw_identifier_valid
                0x0000000008004684       0x1c ../modules/libmicroros/libmicroros.a(librmw_microxrcedds-utils.c.obj)
                0x0000000008004684                is_uxrce_rmw_identifier_valid
 .text.get_message_typesupport_handle
                0x00000000080046a0        0x4 ../modules/libmicroros/libmicroros.a(librosidl_runtime_c-message_type_support.c.obj)
                0x00000000080046a0                get_message_typesupport_handle
 .text.get_message_typesupport_handle_function
                0x00000000080046a4       0x14 ../modules/libmicroros/libmicroros.a(librosidl_runtime_c-message_type_support.c.obj)
                0x00000000080046a4                get_message_typesupport_handle_function
 .text.rosidl_typesupport_c__get_message_type_support_handle__std_msgs__msg__Float32
                0x00000000080046b8       0x1c ../modules/libmicroros/libmicroros.a(libstd_msgs__rosidl_typesupport_c-float32__type_support.cpp.obj)
                0x00000000080046b8                rosidl_typesupport_c__get_message_type_support_handle__std_msgs__msg__Float32
 .text._GLOBAL__sub_I_rosidl_typesupport_c__get_message_type_support_handle__std_msgs__msg__Float32
                0x00000000080046d4       0x14 ../modules/libmicroros/libmicroros.a(libstd_msgs__rosidl_typesupport_c-float32__type_support.cpp.obj)
 .text.std_msgs__msg__Float32__rosidl_typesupport_introspection_c__Float32_init_function
                0x00000000080046e8        0x4 ../modules/libmicroros/libmicroros.a(libstd_msgs__rosidl_typesupport_introspection_c-float32__type_support.c.obj)
                0x00000000080046e8                std_msgs__msg__Float32__rosidl_typesupport_introspection_c__Float32_init_function
 .text.std_msgs__msg__Float32__rosidl_typesupport_introspection_c__Float32_fini_function
                0x00000000080046ec        0x4 ../modules/libmicroros/libmicroros.a(libstd_msgs__rosidl_typesupport_introspection_c-float32__type_support.c.obj)
                0x00000000080046ec                std_msgs__msg__Float32__rosidl_typesupport_introspection_c__Float32_fini_function
 .text.rosidl_typesupport_introspection_c__get_message_type_support_handle__std_msgs__msg__Float32
                0x00000000080046f0       0x1c ../modules/libmicroros/libmicroros.a(libstd_msgs__rosidl_typesupport_introspection_c-float32__type_support.c.obj)
                0x00000000080046f0                rosidl_typesupport_introspection_c__get_message_type_support_handle__std_msgs__msg__Float32
 .text._Float32__max_serialized_size
                0x000000000800470c       0x10 ../modules/libmicroros/libmicroros.a(libstd_msgs__rosidl_typesupport_microxrcedds_c-float32__type_support_c.c.obj)
 .text._Float32__cdr_deserialize
                0x000000000800471c        0xc ../modules/libmicroros/libmicroros.a(libstd_msgs__rosidl_typesupport_microxrcedds_c-float32__type_support_c.c.obj)
 .text.get_serialized_size_std_msgs__msg__Float32
                0x0000000008004728       0x10 ../modules/libmicroros/libmicroros.a(libstd_msgs__rosidl_typesupport_microxrcedds_c-float32__type_support_c.c.obj)
                0x0000000008004728                get_serialized_size_std_msgs__msg__Float32
 .text._Float32__cdr_serialize
                0x0000000008004738       0x10 ../modules/libmicroros/libmicroros.a(libstd_msgs__rosidl_typesupport_microxrcedds_c-float32__type_support_c.c.obj)
 .text._Float32__get_serialized_size
                0x0000000008004748       0x14 ../modules/libmicroros/libmicroros.a(libstd_msgs__rosidl_typesupport_microxrcedds_c-float32__type_support_c.c.obj)
 .text.rosidl_typesupport_microxrcedds_c__get_message_type_support_handle__std_msgs__msg__Float32
                0x000000000800475c        0x8 ../modules/libmicroros/libmicroros.a(libstd_msgs__rosidl_typesupport_microxrcedds_c-float32__type_support_c.c.obj)
                0x000000000800475c                rosidl_typesupport_microxrcedds_c__get_message_type_support_handle__std_msgs__msg__Float32
 .text.ucdr_serialize_bool
                0x0000000008004764       0x2c ../modules/libmicroros/libmicroros.a(libmicrocdr-basic.c.obj)
                0x0000000008004764                ucdr_serialize_bool
 .text.ucdr_deserialize_bool
                0x0000000008004790       0x34 ../modules/libmicroros/libmicroros.a(libmicrocdr-basic.c.obj)
                0x0000000008004790                ucdr_deserialize_bool
 .text.ucdr_serialize_uint8_t
                0x00000000080047c4       0x2c ../modules/libmicroros/libmicroros.a(libmicrocdr-basic.c.obj)
                0x00000000080047c4                ucdr_serialize_uint8_t
 .text.ucdr_deserialize_uint8_t
                0x00000000080047f0       0x2c ../modules/libmicroros/libmicroros.a(libmicrocdr-basic.c.obj)
                0x00000000080047f0                ucdr_deserialize_uint8_t
 .text.ucdr_serialize_uint16_t
                0x000000000800481c      0x114 ../modules/libmicroros/libmicroros.a(libmicrocdr-basic.c.obj)
                0x000000000800481c                ucdr_serialize_uint16_t
 .text.ucdr_serialize_endian_uint16_t
                0x0000000008004930       0xf4 ../modules/libmicroros/libmicroros.a(libmicrocdr-basic.c.obj)
                0x0000000008004930                ucdr_serialize_endian_uint16_t
 .text.ucdr_deserialize_uint16_t
                0x0000000008004a24       0xf8 ../modules/libmicroros/libmicroros.a(libmicrocdr-basic.c.obj)
                0x0000000008004a24                ucdr_deserialize_uint16_t
 .text.ucdr_deserialize_endian_uint16_t
                0x0000000008004b1c       0xe0 ../modules/libmicroros/libmicroros.a(libmicrocdr-basic.c.obj)
                0x0000000008004b1c                ucdr_deserialize_endian_uint16_t
 .text.ucdr_serialize_uint32_t
                0x0000000008004bfc      0x140 ../modules/libmicroros/libmicroros.a(libmicrocdr-basic.c.obj)
                0x0000000008004bfc                ucdr_serialize_uint32_t
 .text.ucdr_serialize_endian_uint32_t
                0x0000000008004d3c      0x120 ../modules/libmicroros/libmicroros.a(libmicrocdr-basic.c.obj)
                0x0000000008004d3c                ucdr_serialize_endian_uint32_t
 .text.ucdr_deserialize_uint32_t
                0x0000000008004e5c      0x11c ../modules/libmicroros/libmicroros.a(libmicrocdr-basic.c.obj)
                0x0000000008004e5c                ucdr_deserialize_uint32_t
 .text.ucdr_deserialize_endian_uint32_t
                0x0000000008004f78      0x118 ../modules/libmicroros/libmicroros.a(libmicrocdr-basic.c.obj)
                0x0000000008004f78                ucdr_deserialize_endian_uint32_t
 .text.ucdr_serialize_uint64_t
                0x0000000008005090      0x190 ../modules/libmicroros/libmicroros.a(libmicrocdr-basic.c.obj)
                0x0000000008005090                ucdr_serialize_uint64_t
 .text.ucdr_serialize_int16_t
                0x0000000008005220      0x114 ../modules/libmicroros/libmicroros.a(libmicrocdr-basic.c.obj)
                0x0000000008005220                ucdr_serialize_int16_t
 .text.ucdr_deserialize_int16_t
                0x0000000008005334       0xf8 ../modules/libmicroros/libmicroros.a(libmicrocdr-basic.c.obj)
                0x0000000008005334                ucdr_deserialize_int16_t
 .text.ucdr_deserialize_int32_t
                0x000000000800542c      0x11c ../modules/libmicroros/libmicroros.a(libmicrocdr-basic.c.obj)
                0x000000000800542c                ucdr_deserialize_int32_t
 .text.ucdr_serialize_float
                0x0000000008005548      0x140 ../modules/libmicroros/libmicroros.a(libmicrocdr-basic.c.obj)
                0x0000000008005548                ucdr_serialize_float
 .text.ucdr_deserialize_float
                0x0000000008005688      0x11c ../modules/libmicroros/libmicroros.a(libmicrocdr-basic.c.obj)
                0x0000000008005688                ucdr_deserialize_float
 .text.ucdr_check_buffer_available_for
                0x00000000080057a4       0x18 ../modules/libmicroros/libmicroros.a(libmicrocdr-common.c.obj)
                0x00000000080057a4                ucdr_check_buffer_available_for
 .text.ucdr_check_final_buffer_behavior
                0x00000000080057bc       0x38 ../modules/libmicroros/libmicroros.a(libmicrocdr-common.c.obj)
                0x00000000080057bc                ucdr_check_final_buffer_behavior
 .text.ucdr_set_on_full_buffer_callback
                0x00000000080057f4        0x8 ../modules/libmicroros/libmicroros.a(libmicrocdr-common.c.obj)
                0x00000000080057f4                ucdr_set_on_full_buffer_callback
 .text.ucdr_init_buffer_origin_offset_endian
                0x00000000080057fc       0x2c ../modules/libmicroros/libmicroros.a(libmicrocdr-common.c.obj)
                0x00000000080057fc                ucdr_init_buffer_origin_offset_endian
 .text.ucdr_init_buffer_origin_offset
                0x0000000008005828       0x14 ../modules/libmicroros/libmicroros.a(libmicrocdr-common.c.obj)
                0x0000000008005828                ucdr_init_buffer_origin_offset
 .text.ucdr_init_buffer_origin
                0x000000000800583c       0x10 ../modules/libmicroros/libmicroros.a(libmicrocdr-common.c.obj)
                0x000000000800583c                ucdr_init_buffer_origin
 .text.ucdr_init_buffer
                0x000000000800584c        0x8 ../modules/libmicroros/libmicroros.a(libmicrocdr-common.c.obj)
                0x000000000800584c                ucdr_init_buffer
 .text.ucdr_alignment
                0x0000000008005854       0x10 ../modules/libmicroros/libmicroros.a(libmicrocdr-common.c.obj)
                0x0000000008005854                ucdr_alignment
 .text.ucdr_buffer_alignment
                0x0000000008005864       0x20 ../modules/libmicroros/libmicroros.a(libmicrocdr-common.c.obj)
                0x0000000008005864                ucdr_buffer_alignment
 .text.ucdr_align_to
                0x0000000008005884       0x24 ../modules/libmicroros/libmicroros.a(libmicrocdr-common.c.obj)
                0x0000000008005884                ucdr_align_to
 .text.ucdr_buffer_length
                0x00000000080058a8        0x8 ../modules/libmicroros/libmicroros.a(libmicrocdr-common.c.obj)
                0x00000000080058a8                ucdr_buffer_length
 .text.ucdr_buffer_remaining
                0x00000000080058b0        0x8 ../modules/libmicroros/libmicroros.a(libmicrocdr-common.c.obj)
                0x00000000080058b0                ucdr_buffer_remaining
 .text.ucdr_check_final_buffer_behavior_array
                0x00000000080058b8       0x38 ../modules/libmicroros/libmicroros.a(libmicrocdr-common.c.obj)
                0x00000000080058b8                ucdr_check_final_buffer_behavior_array
 .text.ucdr_advance_buffer
                0x00000000080058f0       0x40 ../modules/libmicroros/libmicroros.a(libmicrocdr-common.c.obj)
                0x00000000080058f0                ucdr_advance_buffer
 .text.uxr_buffer_delete_entity
                0x0000000008005930       0x3c ../modules/libmicroros/libmicroros.a(libmicroxrcedds_client-common_create_entities.c.obj)
                0x0000000008005930                uxr_buffer_delete_entity
 .text.uxr_common_create_entity
                0x000000000800596c       0x58 ../modules/libmicroros/libmicroros.a(libmicroxrcedds_client-common_create_entities.c.obj)
                0x000000000800596c                uxr_common_create_entity
 .text.uxr_buffer_create_participant_bin
                0x00000000080059c4       0x64 ../modules/libmicroros/libmicroros.a(libmicroxrcedds_client-create_entities_bin.c.obj)
                0x00000000080059c4                uxr_buffer_create_participant_bin
 .text.uxr_buffer_create_topic_bin
                0x0000000008005a28       0x68 ../modules/libmicroros/libmicroros.a(libmicroxrcedds_client-create_entities_bin.c.obj)
                0x0000000008005a28                uxr_buffer_create_topic_bin
 .text.uxr_buffer_create_publisher_bin
                0x0000000008005a90       0x5c ../modules/libmicroros/libmicroros.a(libmicroxrcedds_client-create_entities_bin.c.obj)
                0x0000000008005a90                uxr_buffer_create_publisher_bin
 .text.uxr_buffer_create_datawriter_bin
                0x0000000008005aec       0xd0 ../modules/libmicroros/libmicroros.a(libmicroxrcedds_client-create_entities_bin.c.obj)
                0x0000000008005aec                uxr_buffer_create_datawriter_bin
 .text.get_custom_error
                0x0000000008005bbc        0xc ../modules/libmicroros/libmicroros.a(libmicroxrcedds_client-custom_transport.c.obj)
 .text.recv_custom_msg
                0x0000000008005bc8       0x98 ../modules/libmicroros/libmicroros.a(libmicroxrcedds_client-custom_transport.c.obj)
 .text.send_custom_msg
                0x0000000008005c60       0x50 ../modules/libmicroros/libmicroros.a(libmicroxrcedds_client-custom_transport.c.obj)
 .text.uxr_set_custom_transport_callbacks
                0x0000000008005cb0       0x18 ../modules/libmicroros/libmicroros.a(libmicroxrcedds_client-custom_transport.c.obj)
                0x0000000008005cb0                uxr_set_custom_transport_callbacks
 .text.uxr_init_custom_transport
                0x0000000008005cc8       0x68 ../modules/libmicroros/libmicroros.a(libmicroxrcedds_client-custom_transport.c.obj)
                0x0000000008005cc8                uxr_init_custom_transport
 .text.uxr_close_custom_transport
                0x0000000008005d30        0x8 ../modules/libmicroros/libmicroros.a(libmicroxrcedds_client-custom_transport.c.obj)
                0x0000000008005d30                uxr_close_custom_transport
 .text.uxr_object_id
                0x0000000008005d38       0x1c ../modules/libmicroros/libmicroros.a(libmicroxrcedds_client-object_id.c.obj)
                0x0000000008005d38                uxr_object_id
 .text.uxr_object_id_from_raw
                0x0000000008005d54       0x2c ../modules/libmicroros/libmicroros.a(libmicroxrcedds_client-object_id.c.obj)
                0x0000000008005d54                uxr_object_id_from_raw
 .text.uxr_object_id_to_raw
                0x0000000008005d80       0x18 ../modules/libmicroros/libmicroros.a(libmicroxrcedds_client-object_id.c.obj)
                0x0000000008005d80                uxr_object_id_to_raw
 .text.uxr_ping_agent_session
                0x0000000008005d98       0x98 ../modules/libmicroros/libmicroros.a(libmicroxrcedds_client-ping.c.obj)
                0x0000000008005d98                uxr_ping_agent_session
 .text.uxr_ping_agent_attempts
                0x0000000008005e30      0x170 ../modules/libmicroros/libmicroros.a(libmicroxrcedds_client-ping.c.obj)
                0x0000000008005e30                uxr_ping_agent_attempts
 .text.on_get_fragmentation_info
                0x0000000008005fa0       0x44 ../modules/libmicroros/libmicroros.a(libmicroxrcedds_client-session.c.obj)
 .text.read_submessage_get_info
                0x0000000008005fe4       0x6c ../modules/libmicroros/libmicroros.a(libmicroxrcedds_client-session.c.obj)
 .text.write_submessage_acknack.isra.0
                0x0000000008006050       0x70 ../modules/libmicroros/libmicroros.a(libmicroxrcedds_client-session.c.obj)
 .text.uxr_init_session
                0x00000000080060c0       0x3c ../modules/libmicroros/libmicroros.a(libmicroxrcedds_client-session.c.obj)
                0x00000000080060c0                uxr_init_session
 .text.uxr_set_status_callback
                0x00000000080060fc        0x8 ../modules/libmicroros/libmicroros.a(libmicroxrcedds_client-session.c.obj)
                0x00000000080060fc                uxr_set_status_callback
 .text.uxr_set_topic_callback
                0x0000000008006104        0x8 ../modules/libmicroros/libmicroros.a(libmicroxrcedds_client-session.c.obj)
                0x0000000008006104                uxr_set_topic_callback
 .text.uxr_set_request_callback
                0x000000000800610c        0x8 ../modules/libmicroros/libmicroros.a(libmicroxrcedds_client-session.c.obj)
                0x000000000800610c                uxr_set_request_callback
 .text.uxr_set_reply_callback
                0x0000000008006114        0x8 ../modules/libmicroros/libmicroros.a(libmicroxrcedds_client-session.c.obj)
                0x0000000008006114                uxr_set_reply_callback
 .text.uxr_create_output_best_effort_stream
                0x000000000800611c       0x24 ../modules/libmicroros/libmicroros.a(libmicroxrcedds_client-session.c.obj)
                0x000000000800611c                uxr_create_output_best_effort_stream
 .text.uxr_create_output_reliable_stream
                0x0000000008006140       0x48 ../modules/libmicroros/libmicroros.a(libmicroxrcedds_client-session.c.obj)
                0x0000000008006140                uxr_create_output_reliable_stream
 .text.uxr_create_input_best_effort_stream
                0x0000000008006188        0xc ../modules/libmicroros/libmicroros.a(libmicroxrcedds_client-session.c.obj)
                0x0000000008006188                uxr_create_input_best_effort_stream
 .text.uxr_create_input_reliable_stream
                0x0000000008006194       0x38 ../modules/libmicroros/libmicroros.a(libmicroxrcedds_client-session.c.obj)
                0x0000000008006194                uxr_create_input_reliable_stream
 .text.uxr_epoch_nanos
                0x00000000080061cc       0x14 ../modules/libmicroros/libmicroros.a(libmicroxrcedds_client-session.c.obj)
                0x00000000080061cc                uxr_epoch_nanos
 .text.uxr_flash_output_streams
                0x00000000080061e0       0xe8 ../modules/libmicroros/libmicroros.a(libmicroxrcedds_client-session.c.obj)
                0x00000000080061e0                uxr_flash_output_streams
 .text.read_submessage_info
                0x00000000080062c8       0x90 ../modules/libmicroros/libmicroros.a(libmicroxrcedds_client-session.c.obj)
                0x00000000080062c8                read_submessage_info
 .text.read_submessage_list
                0x0000000008006358      0x2ec ../modules/libmicroros/libmicroros.a(libmicroxrcedds_client-session.c.obj)
 .text.listen_message_reliably
                0x0000000008006644      0x2a0 ../modules/libmicroros/libmicroros.a(libmicroxrcedds_client-session.c.obj)
 .text.uxr_run_session_until_confirm_delivery
                0x00000000080068e4       0x48 ../modules/libmicroros/libmicroros.a(libmicroxrcedds_client-session.c.obj)
                0x00000000080068e4                uxr_run_session_until_confirm_delivery
 .text.uxr_run_session_until_all_status
                0x000000000800692c       0xa8 ../modules/libmicroros/libmicroros.a(libmicroxrcedds_client-session.c.obj)
                0x000000000800692c                uxr_run_session_until_all_status
 .text.uxr_run_session_until_pong
                0x00000000080069d4       0x54 ../modules/libmicroros/libmicroros.a(libmicroxrcedds_client-session.c.obj)
                0x00000000080069d4                uxr_run_session_until_pong
 .text.wait_session_status
                0x0000000008006a28      0x1b4 ../modules/libmicroros/libmicroros.a(libmicroxrcedds_client-session.c.obj)
 .text.uxr_delete_session_retries
                0x0000000008006bdc       0x50 ../modules/libmicroros/libmicroros.a(libmicroxrcedds_client-session.c.obj)
                0x0000000008006bdc                uxr_delete_session_retries
 .text.uxr_create_session
                0x0000000008006c2c      0x1c8 ../modules/libmicroros/libmicroros.a(libmicroxrcedds_client-session.c.obj)
                0x0000000008006c2c                uxr_create_session
 .text.uxr_prepare_stream_to_write_submessage
                0x0000000008006df4       0x80 ../modules/libmicroros/libmicroros.a(libmicroxrcedds_client-session.c.obj)
                0x0000000008006df4                uxr_prepare_stream_to_write_submessage
 .text.uxr_init_session_info
                0x0000000008006e74       0x38 ../modules/libmicroros/libmicroros.a(libmicroxrcedds_client-session_info.c.obj)
                0x0000000008006e74                uxr_init_session_info
 .text.uxr_buffer_create_session
                0x0000000008006eac       0x5c ../modules/libmicroros/libmicroros.a(libmicroxrcedds_client-session_info.c.obj)
                0x0000000008006eac                uxr_buffer_create_session
 .text.uxr_buffer_delete_session
                0x0000000008006f08       0x3c ../modules/libmicroros/libmicroros.a(libmicroxrcedds_client-session_info.c.obj)
                0x0000000008006f08                uxr_buffer_delete_session
 .text.uxr_read_create_session_status
                0x0000000008006f44       0x18 ../modules/libmicroros/libmicroros.a(libmicroxrcedds_client-session_info.c.obj)
                0x0000000008006f44                uxr_read_create_session_status
 .text.uxr_read_delete_session_status
                0x0000000008006f5c       0x34 ../modules/libmicroros/libmicroros.a(libmicroxrcedds_client-session_info.c.obj)
                0x0000000008006f5c                uxr_read_delete_session_status
 .text.uxr_stamp_create_session_header
                0x0000000008006f90       0x28 ../modules/libmicroros/libmicroros.a(libmicroxrcedds_client-session_info.c.obj)
                0x0000000008006f90                uxr_stamp_create_session_header
 .text.uxr_stamp_session_header
                0x0000000008006fb8       0x2c ../modules/libmicroros/libmicroros.a(libmicroxrcedds_client-session_info.c.obj)
                0x0000000008006fb8                uxr_stamp_session_header
 .text.uxr_read_session_header
                0x0000000008006fe4       0x78 ../modules/libmicroros/libmicroros.a(libmicroxrcedds_client-session_info.c.obj)
                0x0000000008006fe4                uxr_read_session_header
 .text.uxr_session_header_offset
                0x000000000800705c       0x10 ../modules/libmicroros/libmicroros.a(libmicroxrcedds_client-session_info.c.obj)
                0x000000000800705c                uxr_session_header_offset
 .text.uxr_init_base_object_request
                0x000000000800706c       0x3c ../modules/libmicroros/libmicroros.a(libmicroxrcedds_client-session_info.c.obj)
                0x000000000800706c                uxr_init_base_object_request
 .text.uxr_parse_base_object_request
                0x00000000080070a8       0x20 ../modules/libmicroros/libmicroros.a(libmicroxrcedds_client-session_info.c.obj)
                0x00000000080070a8                uxr_parse_base_object_request
 .text.uxr_init_framing_io
                0x00000000080070c8        0xc ../modules/libmicroros/libmicroros.a(libmicroxrcedds_client-stream_framing_protocol.c.obj)
                0x00000000080070c8                uxr_init_framing_io
 .text.uxr_write_framed_msg
                0x00000000080070d4      0x2a0 ../modules/libmicroros/libmicroros.a(libmicroxrcedds_client-stream_framing_protocol.c.obj)
                0x00000000080070d4                uxr_write_framed_msg
 .text.uxr_framing_read_transport
                0x0000000008007374      0x108 ../modules/libmicroros/libmicroros.a(libmicroxrcedds_client-stream_framing_protocol.c.obj)
                0x0000000008007374                uxr_framing_read_transport
 .text.uxr_read_framed_msg
                0x000000000800747c      0x4c4 ../modules/libmicroros/libmicroros.a(libmicroxrcedds_client-stream_framing_protocol.c.obj)
                0x000000000800747c                uxr_read_framed_msg
 .text.uxr_stream_id
                0x0000000008007940       0x58 ../modules/libmicroros/libmicroros.a(libmicroxrcedds_client-stream_id.c.obj)
                0x0000000008007940                uxr_stream_id
 .text.uxr_stream_id_from_raw
                0x0000000008007998       0x60 ../modules/libmicroros/libmicroros.a(libmicroxrcedds_client-stream_id.c.obj)
                0x0000000008007998                uxr_stream_id_from_raw
 .text.uxr_init_stream_storage
                0x00000000080079f8       0x14 ../modules/libmicroros/libmicroros.a(libmicroxrcedds_client-stream_storage.c.obj)
                0x00000000080079f8                uxr_init_stream_storage
 .text.uxr_reset_stream_storage
                0x0000000008007a0c       0x80 ../modules/libmicroros/libmicroros.a(libmicroxrcedds_client-stream_storage.c.obj)
                0x0000000008007a0c                uxr_reset_stream_storage
 .text.uxr_add_output_best_effort_buffer
                0x0000000008007a8c       0x28 ../modules/libmicroros/libmicroros.a(libmicroxrcedds_client-stream_storage.c.obj)
                0x0000000008007a8c                uxr_add_output_best_effort_buffer
 .text.uxr_add_output_reliable_buffer
                0x0000000008007ab4       0x38 ../modules/libmicroros/libmicroros.a(libmicroxrcedds_client-stream_storage.c.obj)
                0x0000000008007ab4                uxr_add_output_reliable_buffer
 .text.uxr_add_input_best_effort_buffer
                0x0000000008007aec       0x2c ../modules/libmicroros/libmicroros.a(libmicroxrcedds_client-stream_storage.c.obj)
                0x0000000008007aec                uxr_add_input_best_effort_buffer
 .text.uxr_add_input_reliable_buffer
                0x0000000008007b18       0x34 ../modules/libmicroros/libmicroros.a(libmicroxrcedds_client-stream_storage.c.obj)
                0x0000000008007b18                uxr_add_input_reliable_buffer
 .text.uxr_get_output_best_effort_stream
                0x0000000008007b4c       0x10 ../modules/libmicroros/libmicroros.a(libmicroxrcedds_client-stream_storage.c.obj)
                0x0000000008007b4c                uxr_get_output_best_effort_stream
 .text.uxr_get_output_reliable_stream
                0x0000000008007b5c       0x18 ../modules/libmicroros/libmicroros.a(libmicroxrcedds_client-stream_storage.c.obj)
                0x0000000008007b5c                uxr_get_output_reliable_stream
 .text.uxr_get_input_best_effort_stream
                0x0000000008007b74       0x14 ../modules/libmicroros/libmicroros.a(libmicroxrcedds_client-stream_storage.c.obj)
                0x0000000008007b74                uxr_get_input_best_effort_stream
 .text.uxr_get_input_reliable_stream
                0x0000000008007b88       0x18 ../modules/libmicroros/libmicroros.a(libmicroxrcedds_client-stream_storage.c.obj)
                0x0000000008007b88                uxr_get_input_reliable_stream
 .text.uxr_output_streams_confirmed
                0x0000000008007ba0       0x30 ../modules/libmicroros/libmicroros.a(libmicroxrcedds_client-stream_storage.c.obj)
                0x0000000008007ba0                uxr_output_streams_confirmed
 .text.uxr_buffer_submessage_header
                0x0000000008007bd0       0x34 ../modules/libmicroros/libmicroros.a(libmicroxrcedds_client-submessage.c.obj)
                0x0000000008007bd0                uxr_buffer_submessage_header
 .text.uxr_read_submessage_header
                0x0000000008007c04       0x4c ../modules/libmicroros/libmicroros.a(libmicroxrcedds_client-submessage.c.obj)
                0x0000000008007c04                uxr_read_submessage_header
 .text.uxr_submessage_padding
                0x0000000008007c50        0xc ../modules/libmicroros/libmicroros.a(libmicroxrcedds_client-submessage.c.obj)
                0x0000000008007c50                uxr_submessage_padding
 .text.uxr_millis
                0x0000000008007c5c       0x38 ../modules/libmicroros/libmicroros.a(libmicroxrcedds_client-time.c.obj)
                0x0000000008007c5c                uxr_millis
 .text.uxr_nanos
                0x0000000008007c94       0x2c ../modules/libmicroros/libmicroros.a(libmicroxrcedds_client-time.c.obj)
                0x0000000008007c94                uxr_nanos
 .text.on_full_output_buffer_fragmented
                0x0000000008007cc0      0x124 ../modules/libmicroros/libmicroros.a(libmicroxrcedds_client-write_access.c.obj)
                0x0000000008007cc0                on_full_output_buffer_fragmented
 .text.uxr_prepare_output_stream
                0x0000000008007de4       0x60 ../modules/libmicroros/libmicroros.a(libmicroxrcedds_client-write_access.c.obj)
                0x0000000008007de4                uxr_prepare_output_stream
 .text.uxr_prepare_output_stream_fragmented
                0x0000000008007e44      0x18c ../modules/libmicroros/libmicroros.a(libmicroxrcedds_client-write_access.c.obj)
                0x0000000008007e44                uxr_prepare_output_stream_fragmented
 .text.uxr_serialize_message_header
                0x0000000008007fd0       0x3c ../modules/libmicroros/libmicroros.a(libmicroxrcedds_client-xrce_header.c.obj)
                0x0000000008007fd0                uxr_serialize_message_header
 .text.uxr_deserialize_message_header
                0x000000000800800c       0x40 ../modules/libmicroros/libmicroros.a(libmicroxrcedds_client-xrce_header.c.obj)
                0x000000000800800c                uxr_deserialize_message_header
 .text.uxr_serialize_submessage_header
                0x000000000800804c       0x24 ../modules/libmicroros/libmicroros.a(libmicroxrcedds_client-xrce_subheader.c.obj)
                0x000000000800804c                uxr_serialize_submessage_header
 .text.uxr_deserialize_submessage_header
                0x0000000008008070       0x24 ../modules/libmicroros/libmicroros.a(libmicroxrcedds_client-xrce_subheader.c.obj)
                0x0000000008008070                uxr_deserialize_submessage_header
 .text.uxr_serialize_CLIENT_Representation
                0x0000000008008094       0xbc ../modules/libmicroros/libmicroros.a(libmicroxrcedds_client-xrce_types.c.obj)
                0x0000000008008094                uxr_serialize_CLIENT_Representation
 .text.uxr_deserialize_CLIENT_Representation
                0x0000000008008150       0xd0 ../modules/libmicroros/libmicroros.a(libmicroxrcedds_client-xrce_types.c.obj)
                0x0000000008008150                uxr_deserialize_CLIENT_Representation
 .text.uxr_serialize_AGENT_Representation
                0x0000000008008220       0x9c ../modules/libmicroros/libmicroros.a(libmicroxrcedds_client-xrce_types.c.obj)
                0x0000000008008220                uxr_serialize_AGENT_Representation
 .text.uxr_serialize_DATAWRITER_Representation
                0x00000000080082bc       0x50 ../modules/libmicroros/libmicroros.a(libmicroxrcedds_client-xrce_types.c.obj)
                0x00000000080082bc                uxr_serialize_DATAWRITER_Representation
 .text.uxr_serialize_ObjectVariant.part.0
                0x000000000800830c       0xe8 ../modules/libmicroros/libmicroros.a(libmicroxrcedds_client-xrce_types.c.obj)
 .text.uxr_deserialize_DATAWRITER_Representation
                0x00000000080083f4       0x54 ../modules/libmicroros/libmicroros.a(libmicroxrcedds_client-xrce_types.c.obj)
                0x00000000080083f4                uxr_deserialize_DATAWRITER_Representation
 .text.uxr_serialize_OBJK_DomainParticipant_Binary
                0x0000000008008448       0x44 ../modules/libmicroros/libmicroros.a(libmicroxrcedds_client-xrce_types.c.obj)
                0x0000000008008448                uxr_serialize_OBJK_DomainParticipant_Binary
 .text.uxr_serialize_OBJK_Topic_Binary
                0x000000000800848c       0x4c ../modules/libmicroros/libmicroros.a(libmicroxrcedds_client-xrce_types.c.obj)
                0x000000000800848c                uxr_serialize_OBJK_Topic_Binary
 .text.uxr_serialize_OBJK_Publisher_Binary_Qos
                0x00000000080084d8      0x120 ../modules/libmicroros/libmicroros.a(libmicroxrcedds_client-xrce_types.c.obj)
                0x00000000080084d8                uxr_serialize_OBJK_Publisher_Binary_Qos
 .text.uxr_serialize_OBJK_Publisher_Binary
                0x00000000080085f8       0x44 ../modules/libmicroros/libmicroros.a(libmicroxrcedds_client-xrce_types.c.obj)
                0x00000000080085f8                uxr_serialize_OBJK_Publisher_Binary
 .text.uxr_serialize_OBJK_Endpoint_QosBinary
                0x000000000800863c       0x88 ../modules/libmicroros/libmicroros.a(libmicroxrcedds_client-xrce_types.c.obj)
                0x000000000800863c                uxr_serialize_OBJK_Endpoint_QosBinary
 .text.uxr_serialize_OBJK_DataWriter_Binary
                0x00000000080086c4       0x58 ../modules/libmicroros/libmicroros.a(libmicroxrcedds_client-xrce_types.c.obj)
                0x00000000080086c4                uxr_serialize_OBJK_DataWriter_Binary
 .text.uxr_deserialize_ObjectVariant
                0x000000000800871c      0x144 ../modules/libmicroros/libmicroros.a(libmicroxrcedds_client-xrce_types.c.obj)
                0x000000000800871c                uxr_deserialize_ObjectVariant
 .text.uxr_deserialize_BaseObjectRequest
                0x0000000008008860       0x20 ../modules/libmicroros/libmicroros.a(libmicroxrcedds_client-xrce_types.c.obj)
                0x0000000008008860                uxr_deserialize_BaseObjectRequest
 .text.uxr_serialize_ActivityInfoVariant
                0x0000000008008880      0x11c ../modules/libmicroros/libmicroros.a(libmicroxrcedds_client-xrce_types.c.obj)
                0x0000000008008880                uxr_serialize_ActivityInfoVariant
 .text.uxr_deserialize_BaseObjectReply
                0x000000000800899c       0x3c ../modules/libmicroros/libmicroros.a(libmicroxrcedds_client-xrce_types.c.obj)
                0x000000000800899c                uxr_deserialize_BaseObjectReply
 .text.uxr_serialize_ReadSpecification
                0x00000000080089d8       0x80 ../modules/libmicroros/libmicroros.a(libmicroxrcedds_client-xrce_types.c.obj)
                0x00000000080089d8                uxr_serialize_ReadSpecification
 .text.uxr_serialize_CREATE_CLIENT_Payload
                0x0000000008008a58        0x4 ../modules/libmicroros/libmicroros.a(libmicroxrcedds_client-xrce_types.c.obj)
                0x0000000008008a58                uxr_serialize_CREATE_CLIENT_Payload
 .text.uxr_serialize_CREATE_Payload
                0x0000000008008a5c      0x120 ../modules/libmicroros/libmicroros.a(libmicroxrcedds_client-xrce_types.c.obj)
                0x0000000008008a5c                uxr_serialize_CREATE_Payload
 .text.uxr_serialize_GET_INFO_Payload
                0x0000000008008b7c       0x2c ../modules/libmicroros/libmicroros.a(libmicroxrcedds_client-xrce_types.c.obj)
                0x0000000008008b7c                uxr_serialize_GET_INFO_Payload
 .text.uxr_deserialize_GET_INFO_Payload
                0x0000000008008ba8       0x2c ../modules/libmicroros/libmicroros.a(libmicroxrcedds_client-xrce_types.c.obj)
                0x0000000008008ba8                uxr_deserialize_GET_INFO_Payload
 .text.uxr_serialize_DELETE_Payload
                0x0000000008008bd4       0x20 ../modules/libmicroros/libmicroros.a(libmicroxrcedds_client-xrce_types.c.obj)
                0x0000000008008bd4                uxr_serialize_DELETE_Payload
 .text.uxr_deserialize_STATUS_AGENT_Payload
                0x0000000008008bf4       0x60 ../modules/libmicroros/libmicroros.a(libmicroxrcedds_client-xrce_types.c.obj)
                0x0000000008008bf4                uxr_deserialize_STATUS_AGENT_Payload
 .text.uxr_deserialize_STATUS_Payload
                0x0000000008008c54       0x3c ../modules/libmicroros/libmicroros.a(libmicroxrcedds_client-xrce_types.c.obj)
                0x0000000008008c54                uxr_deserialize_STATUS_Payload
 .text.uxr_serialize_INFO_Payload
                0x0000000008008c90       0x98 ../modules/libmicroros/libmicroros.a(libmicroxrcedds_client-xrce_types.c.obj)
                0x0000000008008c90                uxr_serialize_INFO_Payload
 .text.uxr_serialize_READ_DATA_Payload
                0x0000000008008d28       0x2c ../modules/libmicroros/libmicroros.a(libmicroxrcedds_client-xrce_types.c.obj)
                0x0000000008008d28                uxr_serialize_READ_DATA_Payload
 .text.uxr_serialize_WRITE_DATA_Payload_Data
                0x0000000008008d54       0x20 ../modules/libmicroros/libmicroros.a(libmicroxrcedds_client-xrce_types.c.obj)
                0x0000000008008d54                uxr_serialize_WRITE_DATA_Payload_Data
 .text.uxr_serialize_ACKNACK_Payload
                0x0000000008008d74       0x30 ../modules/libmicroros/libmicroros.a(libmicroxrcedds_client-xrce_types.c.obj)
                0x0000000008008d74                uxr_serialize_ACKNACK_Payload
 .text.uxr_deserialize_ACKNACK_Payload
                0x0000000008008da4       0x28 ../modules/libmicroros/libmicroros.a(libmicroxrcedds_client-xrce_types.c.obj)
                0x0000000008008da4                uxr_deserialize_ACKNACK_Payload
 .text.uxr_serialize_HEARTBEAT_Payload
                0x0000000008008dcc       0x28 ../modules/libmicroros/libmicroros.a(libmicroxrcedds_client-xrce_types.c.obj)
                0x0000000008008dcc                uxr_serialize_HEARTBEAT_Payload
 .text.uxr_deserialize_HEARTBEAT_Payload
                0x0000000008008df4       0x28 ../modules/libmicroros/libmicroros.a(libmicroxrcedds_client-xrce_types.c.obj)
                0x0000000008008df4                uxr_deserialize_HEARTBEAT_Payload
 .text.uxr_deserialize_TIMESTAMP_REPLY_Payload
                0x0000000008008e1c       0x5c ../modules/libmicroros/libmicroros.a(libmicroxrcedds_client-xrce_types.c.obj)
                0x0000000008008e1c                uxr_deserialize_TIMESTAMP_REPLY_Payload
 .text.uxr_deserialize_SampleIdentity
                0x0000000008008e78       0x54 ../modules/libmicroros/libmicroros.a(libmicroxrcedds_client-xrce_types.c.obj)
                0x0000000008008e78                uxr_deserialize_SampleIdentity
 .text.rcl_convert_rmw_ret_to_rcl_ret
                0x0000000008008ecc       0x28 ../modules/libmicroros/libmicroros.a(librcl-common.c.obj)
                0x0000000008008ecc                rcl_convert_rmw_ret_to_rcl_ret
 .text.rcl_get_zero_initialized_context
                0x0000000008008ef4       0x14 ../modules/libmicroros/libmicroros.a(librcl-context.c.obj)
                0x0000000008008ef4                rcl_get_zero_initialized_context
 .text.rcl_context_is_valid
                0x0000000008008f08        0xc ../modules/libmicroros/libmicroros.a(librcl-context.c.obj)
                0x0000000008008f08                rcl_context_is_valid
 .text.__cleanup_context
                0x0000000008008f14       0xc0 ../modules/libmicroros/libmicroros.a(librcl-context.c.obj)
                0x0000000008008f14                __cleanup_context
 .text.rcl_init
                0x0000000008008fd4      0x23c ../modules/libmicroros/libmicroros.a(librcl-init.c.obj)
                0x0000000008008fd4                rcl_init
 .text.rcl_get_zero_initialized_init_options
                0x0000000008009210        0x4 ../modules/libmicroros/libmicroros.a(librcl-init_options.c.obj)
                0x0000000008009210                rcl_get_zero_initialized_init_options
 .text.rcl_init_options_init
                0x0000000008009214       0xb8 ../modules/libmicroros/libmicroros.a(librcl-init_options.c.obj)
                0x0000000008009214                rcl_init_options_init
 .text.rcl_init_options_fini
                0x00000000080092cc       0x54 ../modules/libmicroros/libmicroros.a(librcl-init_options.c.obj)
                0x00000000080092cc                rcl_init_options_fini
 .text.rcl_init_options_copy
                0x0000000008009320       0xb8 ../modules/libmicroros/libmicroros.a(librcl-init_options.c.obj)
                0x0000000008009320                rcl_init_options_copy
 .text.rcl_get_localhost_only
                0x00000000080093d8       0x44 ../modules/libmicroros/libmicroros.a(librcl-localhost.c.obj)
                0x00000000080093d8                rcl_get_localhost_only
 .text.rcl_get_zero_initialized_node
                0x000000000800941c       0x14 ../modules/libmicroros/libmicroros.a(librcl-node.c.obj)
                0x000000000800941c                rcl_get_zero_initialized_node
 .text.rcl_node_init
                0x0000000008009430      0x2ac ../modules/libmicroros/libmicroros.a(librcl-node.c.obj)
                0x0000000008009430                rcl_node_init
 .text.rcl_node_is_valid
                0x00000000080096dc       0x14 ../modules/libmicroros/libmicroros.a(librcl-node.c.obj)
                0x00000000080096dc                rcl_node_is_valid
 .text.rcl_node_get_name
                0x00000000080096f0       0x10 ../modules/libmicroros/libmicroros.a(librcl-node.c.obj)
                0x00000000080096f0                rcl_node_get_name
 .text.rcl_node_get_namespace
                0x0000000008009700       0x10 ../modules/libmicroros/libmicroros.a(librcl-node.c.obj)
                0x0000000008009700                rcl_node_get_namespace
 .text.rcl_node_get_options
                0x0000000008009710       0x10 ../modules/libmicroros/libmicroros.a(librcl-node.c.obj)
                0x0000000008009710                rcl_node_get_options
 .text.rcl_node_get_rmw_handle
                0x0000000008009720        0xc ../modules/libmicroros/libmicroros.a(librcl-node.c.obj)
                0x0000000008009720                rcl_node_get_rmw_handle
 .text.rcl_get_disable_loaned_message
                0x000000000800972c       0x40 ../modules/libmicroros/libmicroros.a(librcl-node.c.obj)
                0x000000000800972c                rcl_get_disable_loaned_message
 .text.rcl_node_get_default_options
                0x000000000800976c       0x1c ../modules/libmicroros/libmicroros.a(librcl-node_options.c.obj)
                0x000000000800976c                rcl_node_get_default_options
 .text.rcl_node_options_copy
                0x0000000008009788       0x44 ../modules/libmicroros/libmicroros.a(librcl-node_options.c.obj)
                0x0000000008009788                rcl_node_options_copy
 .text.rcl_node_options_fini
                0x00000000080097cc       0x38 ../modules/libmicroros/libmicroros.a(librcl-node_options.c.obj)
                0x00000000080097cc                rcl_node_options_fini
 .text.rcl_node_resolve_name
                0x0000000008009804      0x150 ../modules/libmicroros/libmicroros.a(librcl-node_resolve_name.c.obj)
                0x0000000008009804                rcl_node_resolve_name
 .text.rcl_get_system_time
                0x0000000008009954        0x8 ../modules/libmicroros/libmicroros.a(librcl-time.c.obj)
 .text.rcl_get_steady_time
                0x000000000800995c        0x8 ../modules/libmicroros/libmicroros.a(librcl-time.c.obj)
 .text.rcl_get_ros_time
                0x0000000008009964       0x24 ../modules/libmicroros/libmicroros.a(librcl-time.c.obj)
 .text.rcl_clock_init
                0x0000000008009988       0xdc ../modules/libmicroros/libmicroros.a(librcl-time.c.obj)
                0x0000000008009988                rcl_clock_init
 .text.__atomic_load_8
                0x0000000008009a64       0x68 ../modules/libmicroros/libmicroros.a(librcutils-atomic_64bits.c.obj)
                0x0000000008009a64                __atomic_load_8
 .text.rcutils_get_env
                0x0000000008009acc       0x30 ../modules/libmicroros/libmicroros.a(librcutils-env.c.obj)
                0x0000000008009acc                rcutils_get_env
 .text.rcutils_format_string_limit
                0x0000000008009afc       0x74 ../modules/libmicroros/libmicroros.a(librcutils-format_string.c.obj)
                0x0000000008009afc                rcutils_format_string_limit
 .text.rcutils_repl_str
                0x0000000008009b70      0x15c ../modules/libmicroros/libmicroros.a(librcutils-repl_str.c.obj)
                0x0000000008009b70                rcutils_repl_str
 .text.rcutils_snprintf
                0x0000000008009ccc       0x40 ../modules/libmicroros/libmicroros.a(librcutils-snprintf.c.obj)
                0x0000000008009ccc                rcutils_snprintf
 .text.rcutils_vsnprintf
                0x0000000008009d0c       0x28 ../modules/libmicroros/libmicroros.a(librcutils-snprintf.c.obj)
                0x0000000008009d0c                rcutils_vsnprintf
 .text.rcutils_strdup
                0x0000000008009d34       0x78 ../modules/libmicroros/libmicroros.a(librcutils-strdup.c.obj)
                0x0000000008009d34                rcutils_strdup
 .text.rcutils_strndup
                0x0000000008009dac       0x54 ../modules/libmicroros/libmicroros.a(librcutils-strdup.c.obj)
                0x0000000008009dac                rcutils_strndup
 .text.rcutils_get_zero_initialized_string_map
                0x0000000008009e00        0xc ../modules/libmicroros/libmicroros.a(librcutils-string_map.c.obj)
                0x0000000008009e00                rcutils_get_zero_initialized_string_map
 .text.rcutils_string_map_reserve
                0x0000000008009e0c       0xd0 ../modules/libmicroros/libmicroros.a(librcutils-string_map.c.obj)
                0x0000000008009e0c                rcutils_string_map_reserve
 .text.rcutils_string_map_init
                0x0000000008009edc       0x80 ../modules/libmicroros/libmicroros.a(librcutils-string_map.c.obj)
                0x0000000008009edc                rcutils_string_map_init
 .text.rcutils_string_map_fini
                0x0000000008009f5c       0xb4 ../modules/libmicroros/libmicroros.a(librcutils-string_map.c.obj)
                0x0000000008009f5c                rcutils_string_map_fini
 .text.rcutils_string_map_getn
                0x000000000800a010       0x54 ../modules/libmicroros/libmicroros.a(librcutils-string_map.c.obj)
                0x000000000800a010                rcutils_string_map_getn
 .text.rcutils_system_time_now
                0x000000000800a064       0x50 ../modules/libmicroros/libmicroros.a(librcutils-time_unix.c.obj)
                0x000000000800a064                rcutils_system_time_now
 .text.rcutils_steady_time_now
                0x000000000800a0b4       0x50 ../modules/libmicroros/libmicroros.a(librcutils-time_unix.c.obj)
                0x000000000800a0b4                rcutils_steady_time_now
 .text.rmw_get_zero_initialized_context
                0x000000000800a104       0x30 ../modules/libmicroros/libmicroros.a(librmw-init.c.obj)
                0x000000000800a104                rmw_get_zero_initialized_context
 .text.rmw_get_zero_initialized_init_options
                0x000000000800a134       0x50 ../modules/libmicroros/libmicroros.a(librmw-init_options.c.obj)
                0x000000000800a134                rmw_get_zero_initialized_init_options
 .text.rmw_get_default_security_options
                0x000000000800a184        0x8 ../modules/libmicroros/libmicroros.a(librmw-security_options.c.obj)
                0x000000000800a184                rmw_get_default_security_options
 .text.rmw_validate_full_topic_name
                0x000000000800a18c       0xf0 ../modules/libmicroros/libmicroros.a(librmw-validate_full_topic_name.c.obj)
                0x000000000800a18c                rmw_validate_full_topic_name
 .text.rmw_validate_namespace_with_size
                0x000000000800a27c       0x80 ../modules/libmicroros/libmicroros.a(librmw-validate_namespace.c.obj)
                0x000000000800a27c                rmw_validate_namespace_with_size
 .text.rmw_validate_namespace
                0x000000000800a2fc       0x24 ../modules/libmicroros/libmicroros.a(librmw-validate_namespace.c.obj)
                0x000000000800a2fc                rmw_validate_namespace
 .text.rmw_namespace_validation_result_string
                0x000000000800a320       0x18 ../modules/libmicroros/libmicroros.a(librmw-validate_namespace.c.obj)
                0x000000000800a320                rmw_namespace_validation_result_string
 .text.rmw_validate_node_name
                0x000000000800a338       0x98 ../modules/libmicroros/libmicroros.a(librmw-validate_node_name.c.obj)
                0x000000000800a338                rmw_validate_node_name
 .text.rmw_node_name_validation_result_string
                0x000000000800a3d0       0x18 ../modules/libmicroros/libmicroros.a(librmw-validate_node_name.c.obj)
                0x000000000800a3d0                rmw_node_name_validation_result_string
 .text.get_memory
                0x000000000800a3e8       0x20 ../modules/libmicroros/libmicroros.a(librmw_microxrcedds-memory.c.obj)
                0x000000000800a3e8                get_memory
 .text.put_memory
                0x000000000800a408       0x2c ../modules/libmicroros/libmicroros.a(librmw_microxrcedds-memory.c.obj)
                0x000000000800a408                put_memory
 .text.rmw_get_implementation_identifier
                0x000000000800a434        0xc ../modules/libmicroros/libmicroros.a(librmw_microxrcedds-rmw_get_implementation_identifier.c.obj)
                0x000000000800a434                rmw_get_implementation_identifier
 .text.rmw_init_options_init
                0x000000000800a440       0xd4 ../modules/libmicroros/libmicroros.a(librmw_microxrcedds-rmw_init.c.obj)
                0x000000000800a440                rmw_init_options_init
 .text.rmw_init_options_copy
                0x000000000800a514       0xc0 ../modules/libmicroros/libmicroros.a(librmw_microxrcedds-rmw_init.c.obj)
                0x000000000800a514                rmw_init_options_copy
 .text.rmw_init_options_fini
                0x000000000800a5d4       0x74 ../modules/libmicroros/libmicroros.a(librmw_microxrcedds-rmw_init.c.obj)
                0x000000000800a5d4                rmw_init_options_fini
 .text.rmw_init
                0x000000000800a648      0x260 ../modules/libmicroros/libmicroros.a(librmw_microxrcedds-rmw_init.c.obj)
                0x000000000800a648                rmw_init
 .text.rmw_context_fini
                0x000000000800a8a8       0x64 ../modules/libmicroros/libmicroros.a(librmw_microxrcedds-rmw_init.c.obj)
                0x000000000800a8a8                rmw_context_fini
 .text.create_topic
                0x000000000800a90c       0xa0 ../modules/libmicroros/libmicroros.a(librmw_microxrcedds-rmw_microxrcedds_topic.c.obj)
                0x000000000800a90c                create_topic
 .text.destroy_topic
                0x000000000800a9ac       0x44 ../modules/libmicroros/libmicroros.a(librmw_microxrcedds-rmw_microxrcedds_topic.c.obj)
                0x000000000800a9ac                destroy_topic
 .text.create_node
                0x000000000800a9f0       0xf0 ../modules/libmicroros/libmicroros.a(librmw_microxrcedds-rmw_node.c.obj)
                0x000000000800a9f0                create_node
 .text.rmw_create_node
                0x000000000800aae0       0x1c ../modules/libmicroros/libmicroros.a(librmw_microxrcedds-rmw_node.c.obj)
                0x000000000800aae0                rmw_create_node
 .text.rmw_destroy_node
                0x000000000800aafc       0xf8 ../modules/libmicroros/libmicroros.a(librmw_microxrcedds-rmw_node.c.obj)
                0x000000000800aafc                rmw_destroy_node
 .text.rmw_node_get_graph_guard_condition
                0x000000000800abf4        0xc ../modules/libmicroros/libmicroros.a(librmw_microxrcedds-rmw_node.c.obj)
                0x000000000800abf4                rmw_node_get_graph_guard_condition
 .text.rmw_destroy_service
                0x000000000800ac00       0x84 ../modules/libmicroros/libmicroros.a(librmw_microxrcedds-rmw_service.c.obj)
                0x000000000800ac00                rmw_destroy_service
 .text.rmw_destroy_subscription
                0x000000000800ac84       0xb8 ../modules/libmicroros/libmicroros.a(librmw_microxrcedds-rmw_subscription.c.obj)
                0x000000000800ac84                rmw_destroy_subscription
 .text.rmw_uros_epoch_nanos
                0x000000000800ad3c       0x18 ../modules/libmicroros/libmicroros.a(librmw_microxrcedds-time_sync.c.obj)
                0x000000000800ad3c                rmw_uros_epoch_nanos
 .text.rosidl_typesupport_c__get_message_typesupport_handle_function
                0x000000000800ad54       0x60 ../modules/libmicroros/libmicroros.a(librosidl_typesupport_c-message_type_support_dispatch.cpp.obj)
                0x000000000800ad54                rosidl_typesupport_c__get_message_typesupport_handle_function
 .text.std_msgs__msg__Float32__get_type_hash
                0x000000000800adb4        0x8 ../modules/libmicroros/libmicroros.a(libstd_msgs__rosidl_generator_c-float32__description.c.obj)